<html>
<body>
<pre>
<h1>µVision Build Log</h1>
<h2>Project:</h2>
N:\SE350\se350.uvproj
Project File Date:  02/03/2015

<h2>Output:</h2>
Build target 'SE350'
linking...
Program Size: Code=3924 RO-data=236 RW-data=40 ZI-data=792  
"se350.axf" - 0 Error(s), 0 Warning(s).
Load "N:\\SE350\\se350.AXF" 
Erase Done.
Programming Done.
Verify OK.
Build target 'SE350'
compiling k_rtx_init.c...
compiling k_memory.c...
compiling k_process.c...
linking...
Program Size: Code=3924 RO-data=236 RW-data=40 ZI-data=792  
"se350.axf" - 0 Error(s), 0 Warning(s).
Load "N:\\SE350\\se350.AXF" 
Erase Done.
Programming Done.
Verify OK.
