<html>
<body>
<pre>
<h1>µVision Build Log</h1>
<h2>Project:</h2>
N:\SE350\SE350\se350.uvproj
Project File Date:  03/09/2015

<h2>Output:</h2>
Rebuild target 'SE350'
assembling startup_LPC17xx.s...
compiling system_LPC17xx.c...
compiling uart_polling.c...
compiling HAL.c...
compiling k_rtx_init.c...
compiling main_svc.c...
compiling printf.c...
compiling usr_proc.c...
usr_proc.c(71): warning:  #550-D: variable "ret_val" was set but never used
usr_proc.c(113): warning:  #550-D: variable "ret_val" was set but never used
usr_proc.c(204): warning:  #550-D: variable "mem_addr" was set but never used
usr_proc.c(205): warning:  #177-D: variable "ret_val" was declared but never referenced
compiling k_memory.c...
compiling k_process.c...
k_process.c(54): error:  #20: identifier "delayed_msg" is undefined
k_process.c(385): error:  #132: expression must have pointer-to-struct-or-union type
k_process.c(419): error:  #132: expression must have pointer-to-struct-or-union type
k_process.c(430): error:  #132: expression must have pointer-to-struct-or-union type
k_process.c(440): warning:  #940-D: missing return statement at end of non-void function "delayed_send"
k_process.c(444): error:  #20: identifier "TIMER_I_PROCESS" is undefined
k_process.c(450): error:  #132: expression must have pointer-to-struct-or-union type
k_process.c(452): error:  #132: expression must have pointer-to-struct-or-union type
compiling timer.c...
Target not created
Rebuild target 'SE350'
assembling startup_LPC17xx.s...
compiling system_LPC17xx.c...
compiling uart_polling.c...
compiling HAL.c...
compiling k_rtx_init.c...
compiling main_svc.c...
compiling printf.c...
compiling usr_proc.c...
usr_proc.c(71): warning:  #550-D: variable "ret_val" was set but never used
usr_proc.c(113): warning:  #550-D: variable "ret_val" was set but never used
usr_proc.c(204): warning:  #550-D: variable "mem_addr" was set but never used
usr_proc.c(205): warning:  #177-D: variable "ret_val" was declared but never referenced
compiling k_memory.c...
compiling k_process.c...
k_process.c(385): error:  #132: expression must have pointer-to-struct-or-union type
k_process.c(419): error:  #132: expression must have pointer-to-struct-or-union type
k_process.c(440): warning:  #940-D: missing return statement at end of non-void function "delayed_send"
k_process.c(444): error:  #20: identifier "TIMER_I_PROCESS" is undefined
compiling timer.c...
Target not created
Build target 'SE350'
compiling k_process.c...
k_process.c(419): error:  #132: expression must have pointer-to-struct-or-union type
k_process.c(440): warning:  #940-D: missing return statement at end of non-void function "delayed_send"
k_process.c(444): error:  #20: identifier "TIMER_I_PROCESS" is undefined
Target not created
Build target 'SE350'
compiling k_process.c...
k_process.c(440): warning:  #940-D: missing return statement at end of non-void function "delayed_send"
k_process.c(444): error:  #20: identifier "TIMER_I_PROCESS" is undefined
Target not created
Build target 'SE350'
compiling k_rtx_init.c...
compiling k_memory.c...
compiling k_process.c...
k_process.c(440): warning:  #940-D: missing return statement at end of non-void function "delayed_send"
linking...
Program Size: Code=4428 RO-data=236 RW-data=48 ZI-data=792  
"se350.axf" - 0 Error(s), 1 Warning(s).
Rebuild target 'SE350'
assembling startup_LPC17xx.s...
compiling system_LPC17xx.c...
compiling uart_polling.c...
compiling HAL.c...
compiling k_rtx_init.c...
compiling main_svc.c...
compiling printf.c...
compiling usr_proc.c...
usr_proc.c(71): warning:  #550-D: variable "ret_val" was set but never used
usr_proc.c(113): warning:  #550-D: variable "ret_val" was set but never used
usr_proc.c(204): warning:  #550-D: variable "mem_addr" was set but never used
usr_proc.c(205): warning:  #177-D: variable "ret_val" was declared but never referenced
compiling k_memory.c...
compiling k_process.c...
k_process.c(104): error:  #20: identifier "timer_i_process" is undefined
k_process.c(399): error:  #136: struct "_msgbuf" has no field "delay"
k_process.c(454): warning:  #940-D: missing return statement at end of non-void function "delayed_send"
k_process.c(458): warning:  #177-D: variable "timer_pcb" was declared but never referenced
compiling timer.c...
Target not created
Build target 'SE350'
compiling k_rtx_init.c...
k_process.h(26): warning:  #1295-D: Deprecated declaration timer_i_process - give arg types
compiling k_memory.c...
k_process.h(26): warning:  #1295-D: Deprecated declaration timer_i_process - give arg types
compiling k_process.c...
k_process.h(26): warning:  #1295-D: Deprecated declaration timer_i_process - give arg types
k_process.c(399): error:  #136: struct "_msgbuf" has no field "delay"
k_process.c(454): warning:  #940-D: missing return statement at end of non-void function "delayed_send"
k_process.c(458): warning:  #177-D: variable "timer_pcb" was declared but never referenced
Target not created
Build target 'SE350'
compiling k_process.c...
k_process.h(26): warning:  #1295-D: Deprecated declaration timer_i_process - give arg types
k_process.c(454): warning:  #940-D: missing return statement at end of non-void function "delayed_send"
k_process.c(458): warning:  #177-D: variable "timer_pcb" was declared but never referenced
linking...
Program Size: Code=4476 RO-data=236 RW-data=52 ZI-data=820  
"se350.axf" - 0 Error(s), 3 Warning(s).
Rebuild target 'SE350'
assembling startup_LPC17xx.s...
compiling system_LPC17xx.c...
compiling uart_polling.c...
compiling HAL.c...
compiling k_rtx_init.c...
k_process.h(26): warning:  #1295-D: Deprecated declaration timer_i_process - give arg types
compiling main_svc.c...
compiling printf.c...
compiling usr_proc.c...
usr_proc.c(71): warning:  #550-D: variable "ret_val" was set but never used
usr_proc.c(113): warning:  #550-D: variable "ret_val" was set but never used
usr_proc.c(204): warning:  #550-D: variable "mem_addr" was set but never used
usr_proc.c(205): warning:  #177-D: variable "ret_val" was declared but never referenced
compiling k_memory.c...
k_process.h(26): warning:  #1295-D: Deprecated declaration timer_i_process - give arg types
compiling k_process.c...
k_process.h(26): warning:  #1295-D: Deprecated declaration timer_i_process - give arg types
k_process.c(457): warning:  #940-D: missing return statement at end of non-void function "delayed_send"
k_process.c(461): warning:  #177-D: variable "timer_pcb" was declared but never referenced
compiling timer.c...
k_process.h(26): warning:  #1295-D: Deprecated declaration timer_i_process - give arg types
compiling uart_irq.c...
uart_polling.h(30): warning:  #47-D: incompatible redefinition of macro "BIT" (declared at line 36 of "uart_def.h")
linking...
Program Size: Code=4804 RO-data=236 RW-data=76 ZI-data=820  
"se350.axf" - 0 Error(s), 11 Warning(s).
Build target 'SE350'
compiling k_process.c...
k_process.h(26): warning:  #1295-D: Deprecated declaration timer_i_process - give arg types
k_process.c(457): warning:  #940-D: missing return statement at end of non-void function "delayed_send"
k_process.c(461): warning:  #177-D: variable "timer_pcb" was declared but never referenced
compiling timer.c...
k_process.h(26): warning:  #1295-D: Deprecated declaration timer_i_process - give arg types
linking...
Program Size: Code=4804 RO-data=236 RW-data=76 ZI-data=820  
"se350.axf" - 0 Error(s), 4 Warning(s).
Rebuild target 'SE350'
assembling startup_LPC17xx.s...
compiling system_LPC17xx.c...
compiling uart_polling.c...
compiling HAL.c...
compiling k_rtx_init.c...
k_process.h(26): warning:  #1295-D: Deprecated declaration timer_i_process - give arg types
compiling main_svc.c...
compiling printf.c...
compiling usr_proc.c...
usr_proc.c(71): warning:  #550-D: variable "ret_val" was set but never used
usr_proc.c(113): warning:  #550-D: variable "ret_val" was set but never used
usr_proc.c(204): warning:  #550-D: variable "mem_addr" was set but never used
usr_proc.c(205): warning:  #177-D: variable "ret_val" was declared but never referenced
compiling k_memory.c...
k_process.h(26): warning:  #1295-D: Deprecated declaration timer_i_process - give arg types
compiling k_process.c...
k_process.h(26): warning:  #1295-D: Deprecated declaration timer_i_process - give arg types
k_process.c(457): warning:  #940-D: missing return statement at end of non-void function "delayed_send"
k_process.c(461): warning:  #177-D: variable "timer_pcb" was declared but never referenced
compiling timer.c...
k_process.h(26): warning:  #1295-D: Deprecated declaration timer_i_process - give arg types
compiling uart_irq.c...
uart_polling.h(30): warning:  #47-D: incompatible redefinition of macro "BIT" (declared at line 36 of "uart_def.h")
linking...
Program Size: Code=4804 RO-data=236 RW-data=76 ZI-data=820  
"se350.axf" - 0 Error(s), 11 Warning(s).
Load "N:\\SE350\\SE350\\se350.AXF" 
Erase Done.
Programming Done.
Verify OK.
Load "N:\\SE350\\SE350\\se350.AXF" 
Erase Done.
Programming Done.
Verify OK.
Rebuild target 'SE350'
assembling startup_LPC17xx.s...
compiling system_LPC17xx.c...
compiling uart_polling.c...
compiling HAL.c...
compiling k_rtx_init.c...
k_process.h(26): warning:  #1295-D: Deprecated declaration timer_i_process - give arg types
compiling main_svc.c...
compiling printf.c...
compiling usr_proc.c...
usr_proc.c(71): warning:  #550-D: variable "ret_val" was set but never used
usr_proc.c(113): warning:  #550-D: variable "ret_val" was set but never used
usr_proc.c(204): warning:  #550-D: variable "mem_addr" was set but never used
usr_proc.c(205): warning:  #177-D: variable "ret_val" was declared but never referenced
compiling k_memory.c...
k_process.h(26): warning:  #1295-D: Deprecated declaration timer_i_process - give arg types
compiling k_process.c...
k_process.h(26): warning:  #1295-D: Deprecated declaration timer_i_process - give arg types
k_process.c(457): warning:  #940-D: missing return statement at end of non-void function "delayed_send"
k_process.c(461): warning:  #177-D: variable "timer_pcb" was declared but never referenced
compiling timer.c...
k_process.h(26): warning:  #1295-D: Deprecated declaration timer_i_process - give arg types
compiling uart_irq.c...
uart_polling.h(30): warning:  #47-D: incompatible redefinition of macro "BIT" (declared at line 36 of "uart_def.h")
linking...
Program Size: Code=4804 RO-data=236 RW-data=76 ZI-data=820  
"se350.axf" - 0 Error(s), 11 Warning(s).
Load "N:\\SE350\\SE350\\se350.AXF" 
Erase Done.
Programming Done.
Verify OK.
Build target 'SE350'
compiling main_svc.c...
compiling timer.c...
k_process.h(26): warning:  #1295-D: Deprecated declaration timer_i_process - give arg types
linking...
Program Size: Code=4772 RO-data=236 RW-data=76 ZI-data=820  
"se350.axf" - 0 Error(s), 1 Warning(s).
Load "N:\\SE350\\SE350\\se350.AXF" 
Erase Done.
Programming Done.
Verify OK.
