<html>
<body>
<pre>
<h1>µVision Build Log</h1>
<h2>Project:</h2>
N:\SE350_LAB\SE350\se350.uvproj
Project File Date:  03/09/2015

<h2>Output:</h2>
Build target 'SE350'
compiling k_rtx_init.c...
uart_def.h(36): warning:  #47-D: incompatible redefinition of macro "BIT" (declared at line 30 of "uart_polling.h")
compiling main_svc.c...
compiling usr_proc.c...
usr_proc.c(142): warning:  #177-D: variable "sent_msg" was declared but never referenced
usr_proc.c(225): warning:  #550-D: variable "mem_addr" was set but never used
usr_proc.c(226): warning:  #177-D: variable "ret_val" was declared but never referenced
compiling k_memory.c...
compiling k_process.c...
k_process.c(373): warning:  #177-D: variable "timer_pcb" was declared but never referenced
k_process.c(412): warning:  #550-D: variable "s" was set but never used
k_process.c(413): warning:  #177-D: variable "crt_pcb" was declared but never referenced
k_process.c(426): warning:  #177-D: variable "msg_to_spec_proc" was declared but never referenced
k_process.c(427): warning:  #177-D: variable "kcd_pcb" was declared but never referenced
compiling timer.c...
compiling uart_irq.c...
uart_polling.h(30): warning:  #47-D: incompatible redefinition of macro "BIT" (declared at line 36 of "uart_def.h")
compiling message.c...
compiling cmd_proc.c...
linking...
Program Size: Code=4812 RO-data=236 RW-data=80 ZI-data=984  
"se350.axf" - 0 Error(s), 10 Warning(s).
