<html>
<body>
<pre>
<h1>µVision Build Log</h1>
<h2>Project:</h2>
N:\SE350\se350.uvproj
Project File Date:  03/12/2015

<h2>Output:</h2>
Build target 'SE350'
linking...
Program Size: Code=8240 RO-data=316 RW-data=96 ZI-data=1152  
"se350.axf" - 0 Error(s), 0 Warning(s).
Load "N:\\SE350\\se350.AXF" 
Erase Done.
Programming Done.
Verify OK.
Build target 'SE350'
compiling usr_proc.c...
wall_clock.h(7): warning:  #1-D: last line of file ends without a newline
usr_proc.c(132): warning:  #177-D: variable "temp" was declared but never referenced
usr_proc.c(185): warning:  #167-D: argument of type "char *" is incompatible with parameter of type "unsigned char *"
usr_proc.c(173): warning:  #177-D: variable "i" was declared but never referenced
usr_proc.c(173): warning:  #177-D: variable "ret_val" was declared but never referenced
usr_proc.c(201): warning:  #177-D: variable "ret_val" was declared but never referenced
linking...
Program Size: Code=8260 RO-data=316 RW-data=96 ZI-data=1152  
"se350.axf" - 0 Error(s), 6 Warning(s).
Load "N:\\SE350\\se350.AXF" 
Erase Done.
Programming Done.
Verify OK.
Build target 'SE350'
compiling usr_proc.c...
wall_clock.h(7): warning:  #1-D: last line of file ends without a newline
usr_proc.c(132): warning:  #177-D: variable "temp" was declared but never referenced
usr_proc.c(185): warning:  #167-D: argument of type "char *" is incompatible with parameter of type "unsigned char *"
usr_proc.c(173): warning:  #177-D: variable "i" was declared but never referenced
usr_proc.c(173): warning:  #177-D: variable "ret_val" was declared but never referenced
usr_proc.c(201): warning:  #177-D: variable "ret_val" was declared but never referenced
linking...
Program Size: Code=8248 RO-data=316 RW-data=96 ZI-data=1152  
"se350.axf" - 0 Error(s), 6 Warning(s).
Load "N:\\SE350\\se350.AXF" 
Erase Done.
Programming Done.
Verify OK.
