<html>
<body>
<pre>
<h1>µVision Build Log</h1>
<h2>Project:</h2>
N:\SE350\se350.uvproj
Project File Date:  03/10/2015

<h2>Output:</h2>
Build target 'SE350'
compiling timer.c...
linking...
Program Size: Code=5156 RO-data=236 RW-data=92 ZI-data=1180  
"se350.axf" - 0 Error(s), 0 Warning(s).
Load "N:\\SE350\\se350.AXF" 
Erase Done.
Programming Done.
Verify OK.
Build target 'SE350'
compiling timer.c...
linking...
Program Size: Code=5156 RO-data=236 RW-data=92 ZI-data=1180  
"se350.axf" - 0 Error(s), 0 Warning(s).
Load "N:\\SE350\\se350.AXF" 
Erase Done.
Programming Done.
Verify OK.
Build target 'SE350'
compiling usr_proc.c...
usr_proc.c(83): warning:  #223-D: function "exit" declared implicitly
usr_proc.c(148): warning:  #177-D: variable "temp" was declared but never referenced
usr_proc.c(183): warning:  #177-D: variable "status" was declared but never referenced
usr_proc.c(200): warning:  #177-D: variable "mem_addr" was declared but never referenced
usr_proc.c(201): warning:  #177-D: variable "i" was declared but never referenced
usr_proc.c(201): warning:  #177-D: variable "ret_val" was declared but never referenced
compiling timer.c...
compiling uart_irq.c...
uart_polling.h(30): warning:  #47-D: incompatible redefinition of macro "BIT" (declared at line 36 of "uart_def.h")
uart_irq.c(246): warning:  #223-D: function "msg_dequeue" declared implicitly
uart_irq.c(255): warning:  #513-D: a value of type "char *" cannot be assigned to an entity of type "uint8_t *"
compiling message.c...
message.c(62): warning:  #550-D: variable "timer" was set but never used
message.c(96): warning:  #550-D: variable "timer" was set but never used
linking...
Program Size: Code=5156 RO-data=236 RW-data=92 ZI-data=1180  
"se350.axf" - 0 Error(s), 11 Warning(s).
Load "N:\\SE350\\se350.AXF" 
Erase Done.
Programming Done.
Verify OK.
Build target 'SE350'
compiling usr_proc.c...
usr_proc.c(83): warning:  #223-D: function "exit" declared implicitly
usr_proc.c(148): warning:  #177-D: variable "temp" was declared but never referenced
usr_proc.c(185): warning:  #177-D: variable "status" was declared but never referenced
usr_proc.c(202): warning:  #177-D: variable "mem_addr" was declared but never referenced
usr_proc.c(203): warning:  #177-D: variable "i" was declared but never referenced
usr_proc.c(203): warning:  #177-D: variable "ret_val" was declared but never referenced
linking...
Program Size: Code=5156 RO-data=236 RW-data=92 ZI-data=1180  
"se350.axf" - 0 Error(s), 6 Warning(s).
Build target 'SE350'
compiling usr_proc.c...
usr_proc.c(83): warning:  #223-D: function "exit" declared implicitly
usr_proc.c(148): warning:  #177-D: variable "temp" was declared but never referenced
usr_proc.c(185): warning:  #177-D: variable "status" was declared but never referenced
usr_proc.c(202): warning:  #177-D: variable "mem_addr" was declared but never referenced
usr_proc.c(203): warning:  #177-D: variable "i" was declared but never referenced
usr_proc.c(203): warning:  #177-D: variable "ret_val" was declared but never referenced
linking...
Program Size: Code=5152 RO-data=236 RW-data=92 ZI-data=1180  
"se350.axf" - 0 Error(s), 6 Warning(s).
Load "N:\\SE350\\se350.AXF" 
Erase Done.
Programming Done.
Verify OK.
Rebuild target 'SE350'
assembling startup_LPC17xx.s...
compiling system_LPC17xx.c...
compiling uart_polling.c...
compiling HAL.c...
compiling k_rtx_init.c...
uart_def.h(36): warning:  #47-D: incompatible redefinition of macro "BIT" (declared at line 30 of "uart_polling.h")
compiling main_svc.c...
compiling printf.c...
compiling usr_proc.c...
usr_proc.c(83): warning:  #223-D: function "exit" declared implicitly
usr_proc.c(148): warning:  #177-D: variable "temp" was declared but never referenced
usr_proc.c(185): warning:  #177-D: variable "status" was declared but never referenced
usr_proc.c(202): warning:  #177-D: variable "mem_addr" was declared but never referenced
usr_proc.c(203): warning:  #177-D: variable "i" was declared but never referenced
usr_proc.c(203): warning:  #177-D: variable "ret_val" was declared but never referenced
compiling k_memory.c...
compiling k_process.c...
uart_def.h(36): warning:  #47-D: incompatible redefinition of macro "BIT" (declared at line 30 of "uart_polling.h")
k_process.c(416): warning:  #223-D: function "k_send_message_no_preemp" declared implicitly
compiling timer.c...
compiling uart_irq.c...
uart_polling.h(30): warning:  #47-D: incompatible redefinition of macro "BIT" (declared at line 36 of "uart_def.h")
uart_irq.c(249): warning:  #223-D: function "msg_dequeue" declared implicitly
uart_irq.c(258): warning:  #513-D: a value of type "char *" cannot be assigned to an entity of type "uint8_t *"
compiling message.c...
message.c(62): warning:  #550-D: variable "timer" was set but never used
message.c(96): warning:  #550-D: variable "timer" was set but never used
compiling cmd_proc.c...
compiling string.c...
string.c(10): warning:  #1293-D: assignment in condition
compiling wall_clock.c...
linking...
Program Size: Code=5204 RO-data=236 RW-data=92 ZI-data=1180  
"se350.axf" - 0 Error(s), 15 Warning(s).
Build target 'SE350'
compiling k_memory.c...
compiling k_process.c...
uart_def.h(36): warning:  #47-D: incompatible redefinition of macro "BIT" (declared at line 30 of "uart_polling.h")
k_process.c(416): warning:  #223-D: function "k_send_message_no_preemp" declared implicitly
compiling uart_irq.c...
uart_polling.h(30): warning:  #47-D: incompatible redefinition of macro "BIT" (declared at line 36 of "uart_def.h")
uart_irq.c(258): warning:  #513-D: a value of type "char *" cannot be assigned to an entity of type "uint8_t *"
compiling message.c...
message.c(62): warning:  #550-D: variable "timer" was set but never used
message.c(102): error:  #132: expression must have pointer-to-struct-or-union type
message.c(96): warning:  #550-D: variable "timer" was set but never used
Target not created
Build target 'SE350'
compiling k_memory.c...
compiling k_process.c...
uart_def.h(36): warning:  #47-D: incompatible redefinition of macro "BIT" (declared at line 30 of "uart_polling.h")
compiling uart_irq.c...
uart_polling.h(30): warning:  #47-D: incompatible redefinition of macro "BIT" (declared at line 36 of "uart_def.h")
uart_irq.c(258): warning:  #513-D: a value of type "char *" cannot be assigned to an entity of type "uint8_t *"
compiling message.c...
message.c(62): warning:  #550-D: variable "timer" was set but never used
message.c(102): error:  #132: expression must have pointer-to-struct-or-union type
message.c(96): warning:  #550-D: variable "timer" was set but never used
Target not created
Build target 'SE350'
compiling message.c...
message.c(62): warning:  #550-D: variable "timer" was set but never used
message.c(102): error:  #132: expression must have pointer-to-struct-or-union type
message.c(96): warning:  #550-D: variable "timer" was set but never used
Target not created
Build target 'SE350'
compiling message.c...
message.c(62): warning:  #550-D: variable "timer" was set but never used
message.c(96): warning:  #550-D: variable "timer" was set but never used
linking...
Program Size: Code=5200 RO-data=236 RW-data=92 ZI-data=1180  
"se350.axf" - 0 Error(s), 2 Warning(s).
Load "N:\\SE350\\se350.AXF" 
Erase Done.
Programming Done.
Verify OK.
Build target 'SE350'
compiling uart_irq.c...
uart_polling.h(30): warning:  #47-D: incompatible redefinition of macro "BIT" (declared at line 36 of "uart_def.h")
uart_irq.c(260): warning:  #513-D: a value of type "char *" cannot be assigned to an entity of type "uint8_t *"
linking...
Program Size: Code=5236 RO-data=236 RW-data=92 ZI-data=1180  
"se350.axf" - 0 Error(s), 2 Warning(s).
Load "N:\\SE350\\se350.AXF" 
Erase Done.
Programming Done.
Verify OK.
Rebuild target 'SE350'
assembling startup_LPC17xx.s...
compiling system_LPC17xx.c...
compiling uart_polling.c...
compiling HAL.c...
compiling k_rtx_init.c...
uart_def.h(36): warning:  #47-D: incompatible redefinition of macro "BIT" (declared at line 30 of "uart_polling.h")
compiling main_svc.c...
compiling printf.c...
compiling usr_proc.c...
usr_proc.c(83): warning:  #223-D: function "exit" declared implicitly
usr_proc.c(148): warning:  #177-D: variable "temp" was declared but never referenced
usr_proc.c(185): warning:  #177-D: variable "status" was declared but never referenced
usr_proc.c(202): warning:  #177-D: variable "mem_addr" was declared but never referenced
usr_proc.c(203): warning:  #177-D: variable "i" was declared but never referenced
usr_proc.c(203): warning:  #177-D: variable "ret_val" was declared but never referenced
compiling k_memory.c...
compiling k_process.c...
uart_def.h(36): warning:  #47-D: incompatible redefinition of macro "BIT" (declared at line 30 of "uart_polling.h")
compiling timer.c...
compiling uart_irq.c...
uart_polling.h(30): warning:  #47-D: incompatible redefinition of macro "BIT" (declared at line 36 of "uart_def.h")
uart_irq.c(260): warning:  #513-D: a value of type "char *" cannot be assigned to an entity of type "uint8_t *"
compiling message.c...
message.c(62): warning:  #550-D: variable "timer" was set but never used
message.c(96): warning:  #550-D: variable "timer" was set but never used
compiling cmd_proc.c...
compiling string.c...
string.c(10): warning:  #1293-D: assignment in condition
compiling wall_clock.c...
linking...
Program Size: Code=5232 RO-data=236 RW-data=92 ZI-data=1180  
"se350.axf" - 0 Error(s), 13 Warning(s).
Load "N:\\SE350\\se350.AXF" 
Erase Done.
Programming Done.
Verify OK.
Build target 'SE350'
compiling usr_proc.c...
usr_proc.c(85): warning:  #223-D: function "exit" declared implicitly
usr_proc.c(91): error:  #268: declaration may not appear after executable statement in block
usr_proc.c(92): warning:  #111-D: statement is unreachable
usr_proc.c(91): warning:  #550-D: variable "ret_val" was set but never used
usr_proc.c(149): error:  #268: declaration may not appear after executable statement in block
usr_proc.c(150): error:  #268: declaration may not appear after executable statement in block
usr_proc.c(151): error:  #268: declaration may not appear after executable statement in block
usr_proc.c(150): warning:  #177-D: variable "temp" was declared but never referenced
usr_proc.c(185): error:  #268: declaration may not appear after executable statement in block
usr_proc.c(137): warning:  #550-D: variable "ret_val" was set but never used
usr_proc.c(185): error:  #67: expected a "}"
usr_proc.c(187): warning:  #177-D: variable "status" was declared but never referenced
usr_proc.c(204): warning:  #177-D: variable "mem_addr" was declared but never referenced
usr_proc.c(205): warning:  #177-D: variable "i" was declared but never referenced
usr_proc.c(205): warning:  #177-D: variable "ret_val" was declared but never referenced
compiling uart_irq.c...
uart_polling.h(30): warning:  #47-D: incompatible redefinition of macro "BIT" (declared at line 36 of "uart_def.h")
uart_irq.c(260): warning:  #513-D: a value of type "char *" cannot be assigned to an entity of type "uint8_t *"
Target not created
Load "N:\\SE350\\se350.AXF" 
_____^
*** error 56: cannot open file
Build target 'SE350'
compiling usr_proc.c...
usr_proc.c(85): warning:  #223-D: function "exit" declared implicitly
usr_proc.c(101): warning:  #177-D: variable "temp" was declared but never referenced
usr_proc.c(138): warning:  #177-D: variable "status" was declared but never referenced
usr_proc.c(155): warning:  #177-D: variable "mem_addr" was declared but never referenced
usr_proc.c(156): warning:  #177-D: variable "i" was declared but never referenced
usr_proc.c(156): warning:  #177-D: variable "ret_val" was declared but never referenced
linking...
Program Size: Code=5240 RO-data=236 RW-data=92 ZI-data=1180  
"se350.axf" - 0 Error(s), 6 Warning(s).
Load "N:\\SE350\\se350.AXF" 
Erase Done.
Programming Done.
Verify OK.
Build target 'SE350'
compiling uart_irq.c...
uart_polling.h(30): warning:  #47-D: incompatible redefinition of macro "BIT" (declared at line 36 of "uart_def.h")
uart_irq.c(262): warning:  #513-D: a value of type "char *" cannot be assigned to an entity of type "uint8_t *"
linking...
Program Size: Code=5304 RO-data=236 RW-data=92 ZI-data=1180  
"se350.axf" - 0 Error(s), 2 Warning(s).
Load "N:\\SE350\\se350.AXF" 
Erase Done.
Programming Done.
Verify OK.
Build target 'SE350'
compiling uart_irq.c...
uart_polling.h(30): warning:  #47-D: incompatible redefinition of macro "BIT" (declared at line 36 of "uart_def.h")
uart_irq.c(262): warning:  #513-D: a value of type "char *" cannot be assigned to an entity of type "uint8_t *"
linking...
Program Size: Code=5340 RO-data=236 RW-data=92 ZI-data=1180  
"se350.axf" - 0 Error(s), 2 Warning(s).
Load "N:\\SE350\\se350.AXF" 
Erase Done.
Programming Done.
Verify OK.
Build target 'SE350'
compiling uart_irq.c...
uart_polling.h(30): warning:  #47-D: incompatible redefinition of macro "BIT" (declared at line 36 of "uart_def.h")
uart_irq.c(252): warning:  #223-D: function "msg_dequeue" declared implicitly
uart_irq.c(261): warning:  #513-D: a value of type "char *" cannot be assigned to an entity of type "uint8_t *"
linking...
Program Size: Code=5340 RO-data=236 RW-data=92 ZI-data=1180  
"se350.axf" - 0 Error(s), 3 Warning(s).
Build target 'SE350'
compiling uart_irq.c...
uart_polling.h(30): warning:  #47-D: incompatible redefinition of macro "BIT" (declared at line 36 of "uart_def.h")
uart_irq.c(262): warning:  #513-D: a value of type "char *" cannot be assigned to an entity of type "uint8_t *"
linking...
Program Size: Code=5340 RO-data=236 RW-data=92 ZI-data=1180  
"se350.axf" - 0 Error(s), 2 Warning(s).
Build target 'SE350'
compiling main_svc.c...
linking...
Program Size: Code=6060 RO-data=236 RW-data=100 ZI-data=1180  
"se350.axf" - 0 Error(s), 0 Warning(s).
Load "N:\\SE350\\se350.AXF" 
Erase Done.
Programming Done.
Verify OK.
Build target 'SE350'
assembling startup_LPC17xx.s...
compiling uart_irq.c...
uart_polling.h(30): warning:  #47-D: incompatible redefinition of macro "BIT" (declared at line 36 of "uart_def.h")
uart_irq.c(262): warning:  #513-D: a value of type "char *" cannot be assigned to an entity of type "uint8_t *"
linking...
Program Size: Code=6056 RO-data=236 RW-data=100 ZI-data=1180  
"se350.axf" - 0 Error(s), 2 Warning(s).
Build target 'SE350'
compiling k_memory.c...
compiling uart_irq.c...
uart_polling.h(30): warning:  #47-D: incompatible redefinition of macro "BIT" (declared at line 36 of "uart_def.h")
uart_irq.c(262): warning:  #513-D: a value of type "char *" cannot be assigned to an entity of type "uint8_t *"
linking...
Program Size: Code=6068 RO-data=236 RW-data=100 ZI-data=1180  
"se350.axf" - 0 Error(s), 2 Warning(s).
Build target 'SE350'
compiling uart_irq.c...
uart_polling.h(30): warning:  #47-D: incompatible redefinition of macro "BIT" (declared at line 36 of "uart_def.h")
uart_irq.c(263): warning:  #513-D: a value of type "char *" cannot be assigned to an entity of type "uint8_t *"
linking...
Program Size: Code=6076 RO-data=236 RW-data=100 ZI-data=1180  
"se350.axf" - 0 Error(s), 2 Warning(s).
Build target 'SE350'
compiling uart_irq.c...
uart_polling.h(30): warning:  #47-D: incompatible redefinition of macro "BIT" (declared at line 36 of "uart_def.h")
uart_irq.c(264): warning:  #513-D: a value of type "char *" cannot be assigned to an entity of type "uint8_t *"
linking...
Program Size: Code=6072 RO-data=236 RW-data=100 ZI-data=1180  
"se350.axf" - 0 Error(s), 2 Warning(s).
Build target 'SE350'
compiling uart_irq.c...
uart_polling.h(30): warning:  #47-D: incompatible redefinition of macro "BIT" (declared at line 36 of "uart_def.h")
uart_irq.c(263): warning:  #513-D: a value of type "char *" cannot be assigned to an entity of type "uint8_t *"
linking...
Program Size: Code=6068 RO-data=236 RW-data=100 ZI-data=1180  
"se350.axf" - 0 Error(s), 2 Warning(s).
Build target 'SE350'
compiling uart_irq.c...
uart_polling.h(30): warning:  #47-D: incompatible redefinition of macro "BIT" (declared at line 36 of "uart_def.h")
uart_irq.c(263): warning:  #513-D: a value of type "char *" cannot be assigned to an entity of type "uint8_t *"
linking...
Program Size: Code=6064 RO-data=236 RW-data=100 ZI-data=1180  
"se350.axf" - 0 Error(s), 2 Warning(s).
Build target 'SE350'
compiling usr_proc.c...
usr_proc.c(85): warning:  #223-D: function "exit" declared implicitly
usr_proc.c(101): warning:  #177-D: variable "temp" was declared but never referenced
usr_proc.c(138): warning:  #177-D: variable "status" was declared but never referenced
usr_proc.c(155): warning:  #177-D: variable "mem_addr" was declared but never referenced
usr_proc.c(156): warning:  #177-D: variable "i" was declared but never referenced
usr_proc.c(156): warning:  #177-D: variable "ret_val" was declared but never referenced
compiling uart_irq.c...
uart_polling.h(30): warning:  #47-D: incompatible redefinition of macro "BIT" (declared at line 36 of "uart_def.h")
uart_irq.c(263): warning:  #513-D: a value of type "char *" cannot be assigned to an entity of type "uint8_t *"
linking...
Program Size: Code=6080 RO-data=236 RW-data=100 ZI-data=1180  
"se350.axf" - 0 Error(s), 8 Warning(s).
Build target 'SE350'
compiling uart_irq.c...
uart_polling.h(30): warning:  #47-D: incompatible redefinition of macro "BIT" (declared at line 36 of "uart_def.h")
uart_irq.c(264): warning:  #513-D: a value of type "char *" cannot be assigned to an entity of type "uint8_t *"
linking...
Program Size: Code=6080 RO-data=236 RW-data=100 ZI-data=1180  
"se350.axf" - 0 Error(s), 2 Warning(s).
Build target 'SE350'
compiling uart_irq.c...
uart_polling.h(30): warning:  #47-D: incompatible redefinition of macro "BIT" (declared at line 36 of "uart_def.h")
uart_irq.c(263): warning:  #513-D: a value of type "char *" cannot be assigned to an entity of type "uint8_t *"
linking...
Program Size: Code=6072 RO-data=236 RW-data=100 ZI-data=1180  
"se350.axf" - 0 Error(s), 2 Warning(s).
Build target 'SE350'
compiling uart_irq.c...
uart_polling.h(30): warning:  #47-D: incompatible redefinition of macro "BIT" (declared at line 36 of "uart_def.h")
uart_irq.c(262): warning:  #513-D: a value of type "char *" cannot be assigned to an entity of type "uint8_t *"
linking...
Program Size: Code=6068 RO-data=236 RW-data=100 ZI-data=1180  
"se350.axf" - 0 Error(s), 2 Warning(s).
Build target 'SE350'
linking...
Program Size: Code=6068 RO-data=236 RW-data=100 ZI-data=1180  
"se350.axf" - 0 Error(s), 0 Warning(s).
Build target 'SE350'
compiling uart_irq.c...
uart_polling.h(30): warning:  #47-D: incompatible redefinition of macro "BIT" (declared at line 36 of "uart_def.h")
uart_irq.c(262): warning:  #513-D: a value of type "char *" cannot be assigned to an entity of type "uint8_t *"
linking...
Program Size: Code=6056 RO-data=236 RW-data=100 ZI-data=1180  
"se350.axf" - 0 Error(s), 2 Warning(s).
Load "N:\\SE350\\se350.AXF" 
Erase Done.
Programming Done.
Verify OK.
Build target 'SE350'
compiling k_process.c...
uart_def.h(36): warning:  #47-D: incompatible redefinition of macro "BIT" (declared at line 30 of "uart_polling.h")
k_process.c(126): error:  #20: identifier "kcd_process" is undefined
k_process.c(132): error:  #20: identifier "crt_process" is undefined
Target not created
Build target 'SE350'
compiling k_rtx_init.c...
k_process.h(39): warning:  #1295-D: Deprecated declaration crt_process - give arg types
k_process.h(40): warning:  #1295-D: Deprecated declaration kcd_process - give arg types
uart_def.h(36): warning:  #47-D: incompatible redefinition of macro "BIT" (declared at line 30 of "uart_polling.h")
compiling k_memory.c...
k_process.h(39): warning:  #1295-D: Deprecated declaration crt_process - give arg types
k_process.h(40): warning:  #1295-D: Deprecated declaration kcd_process - give arg types
compiling k_process.c...
k_process.h(39): warning:  #1295-D: Deprecated declaration crt_process - give arg types
k_process.h(40): warning:  #1295-D: Deprecated declaration kcd_process - give arg types
uart_def.h(36): warning:  #47-D: incompatible redefinition of macro "BIT" (declared at line 30 of "uart_polling.h")
compiling timer.c...
k_process.h(39): warning:  #1295-D: Deprecated declaration crt_process - give arg types
k_process.h(40): warning:  #1295-D: Deprecated declaration kcd_process - give arg types
compiling uart_irq.c...
uart_polling.h(30): warning:  #47-D: incompatible redefinition of macro "BIT" (declared at line 36 of "uart_def.h")
k_process.h(39): warning:  #1295-D: Deprecated declaration crt_process - give arg types
k_process.h(40): warning:  #1295-D: Deprecated declaration kcd_process - give arg types
uart_irq.c(262): warning:  #513-D: a value of type "char *" cannot be assigned to an entity of type "uint8_t *"
compiling message.c...
k_process.h(39): warning:  #1295-D: Deprecated declaration crt_process - give arg types
k_process.h(40): warning:  #1295-D: Deprecated declaration kcd_process - give arg types
message.c(62): warning:  #550-D: variable "timer" was set but never used
message.c(96): warning:  #550-D: variable "timer" was set but never used
compiling cmd_proc.c...
k_process.h(39): warning:  #1295-D: Deprecated declaration crt_process - give arg types
k_process.h(40): warning:  #1295-D: Deprecated declaration kcd_process - give arg types
linking...
Program Size: Code=6100 RO-data=236 RW-data=100 ZI-data=1180  
"se350.axf" - 0 Error(s), 20 Warning(s).
Build target 'SE350'
compiling k_rtx_init.c...
uart_def.h(36): warning:  #47-D: incompatible redefinition of macro "BIT" (declared at line 30 of "uart_polling.h")
compiling k_memory.c...
compiling k_process.c...
uart_def.h(36): warning:  #47-D: incompatible redefinition of macro "BIT" (declared at line 30 of "uart_polling.h")
compiling timer.c...
compiling uart_irq.c...
uart_polling.h(30): warning:  #47-D: incompatible redefinition of macro "BIT" (declared at line 36 of "uart_def.h")
uart_irq.c(262): warning:  #513-D: a value of type "char *" cannot be assigned to an entity of type "uint8_t *"
compiling message.c...
message.c(62): warning:  #550-D: variable "timer" was set but never used
message.c(96): warning:  #550-D: variable "timer" was set but never used
compiling cmd_proc.c...
linking...
Program Size: Code=6100 RO-data=236 RW-data=100 ZI-data=1180  
"se350.axf" - 0 Error(s), 6 Warning(s).
Build target 'SE350'
compiling k_process.c...
uart_def.h(36): warning:  #47-D: incompatible redefinition of macro "BIT" (declared at line 30 of "uart_polling.h")
compiling uart_irq.c...
uart_polling.h(30): warning:  #47-D: incompatible redefinition of macro "BIT" (declared at line 36 of "uart_def.h")
uart_irq.c(209): warning:  #223-D: function "print_rpq_process" declared implicitly
uart_irq.c(211): warning:  #223-D: function "print_blk_on_mem_process" declared implicitly
uart_irq.c(213): warning:  #223-D: function "print_blk_on_msg_process" declared implicitly
uart_irq.c(263): warning:  #513-D: a value of type "char *" cannot be assigned to an entity of type "uint8_t *"
linking...
Program Size: Code=6576 RO-data=236 RW-data=100 ZI-data=1180  
"se350.axf" - 0 Error(s), 6 Warning(s).
Build target 'SE350'
compiling uart_irq.c...
uart_polling.h(30): warning:  #47-D: incompatible redefinition of macro "BIT" (declared at line 36 of "uart_def.h")
uart_irq.c(264): warning:  #513-D: a value of type "char *" cannot be assigned to an entity of type "uint8_t *"
linking...
Program Size: Code=6576 RO-data=236 RW-data=100 ZI-data=1180  
"se350.axf" - 0 Error(s), 2 Warning(s).
Load "N:\\SE350\\se350.AXF" 
Erase Done.
Programming Done.
Verify OK.
Build target 'SE350'
compiling cmd_proc.c...
linking...
Program Size: Code=6576 RO-data=236 RW-data=100 ZI-data=1180  
"se350.axf" - 0 Error(s), 0 Warning(s).
Build target 'SE350'
linking...
Program Size: Code=6576 RO-data=236 RW-data=100 ZI-data=1180  
"se350.axf" - 0 Error(s), 0 Warning(s).
Load "N:\\SE350\\se350.AXF" 
Erase Done.
Programming Done.
Verify OK.
Build target 'SE350'
compiling cmd_proc.c...
linking...
Program Size: Code=6576 RO-data=236 RW-data=100 ZI-data=1180  
"se350.axf" - 0 Error(s), 0 Warning(s).
Build target 'SE350'
compiling cmd_proc.c...
cmd_proc.c(16): error:  #136: struct "pcb" has no field "mid"
Target not created
Build target 'SE350'
compiling cmd_proc.c...
cmd_proc.c(16): error:  #136: struct "pcb" has no field "mid"
Target not created
Build target 'SE350'
compiling cmd_proc.c...
linking...
Program Size: Code=6628 RO-data=236 RW-data=100 ZI-data=1180  
"se350.axf" - 0 Error(s), 0 Warning(s).
Build target 'SE350'
compiling cmd_proc.c...
linking...
Program Size: Code=6464 RO-data=236 RW-data=100 ZI-data=1180  
"se350.axf" - 0 Error(s), 0 Warning(s).
Build target 'SE350'
compiling usr_proc.c...
usr_proc.c(85): warning:  #223-D: function "exit" declared implicitly
usr_proc.c(101): warning:  #177-D: variable "temp" was declared but never referenced
usr_proc.c(138): warning:  #177-D: variable "status" was declared but never referenced
usr_proc.c(155): warning:  #177-D: variable "mem_addr" was declared but never referenced
usr_proc.c(156): warning:  #177-D: variable "i" was declared but never referenced
usr_proc.c(156): warning:  #177-D: variable "ret_val" was declared but never referenced
linking...
Program Size: Code=6436 RO-data=236 RW-data=100 ZI-data=1180  
"se350.axf" - 0 Error(s), 6 Warning(s).
Build target 'SE350'
compiling k_process.c...
uart_def.h(36): warning:  #47-D: incompatible redefinition of macro "BIT" (declared at line 30 of "uart_polling.h")
k_process.c(154): error:  #154: expression must have struct or union type
k_process.c(155): error:  #154: expression must have struct or union type
Target not created
Build target 'SE350'
compiling k_process.c...
uart_def.h(36): warning:  #47-D: incompatible redefinition of macro "BIT" (declared at line 30 of "uart_polling.h")
linking...
Program Size: Code=6456 RO-data=236 RW-data=100 ZI-data=1180  
"se350.axf" - 0 Error(s), 1 Warning(s).
Build target 'SE350'
compiling k_process.c...
uart_def.h(36): warning:  #47-D: incompatible redefinition of macro "BIT" (declared at line 30 of "uart_polling.h")
compiling uart_irq.c...
uart_polling.h(30): warning:  #47-D: incompatible redefinition of macro "BIT" (declared at line 36 of "uart_def.h")
uart_irq.c(264): warning:  #513-D: a value of type "char *" cannot be assigned to an entity of type "uint8_t *"
linking...
Program Size: Code=6432 RO-data=236 RW-data=100 ZI-data=1180  
"se350.axf" - 0 Error(s), 3 Warning(s).
Build target 'SE350'
compiling k_process.c...
uart_def.h(36): warning:  #47-D: incompatible redefinition of macro "BIT" (declared at line 30 of "uart_polling.h")
compiling uart_irq.c...
uart_polling.h(30): warning:  #47-D: incompatible redefinition of macro "BIT" (declared at line 36 of "uart_def.h")
uart_irq.c(264): warning:  #513-D: a value of type "char *" cannot be assigned to an entity of type "uint8_t *"
linking...
Program Size: Code=6464 RO-data=236 RW-data=100 ZI-data=1180  
"se350.axf" - 0 Error(s), 3 Warning(s).
Build target 'SE350'
assembling startup_LPC17xx.s...
compiling uart_irq.c...
uart_polling.h(30): warning:  #47-D: incompatible redefinition of macro "BIT" (declared at line 36 of "uart_def.h")
uart_irq.c(264): warning:  #513-D: a value of type "char *" cannot be assigned to an entity of type "uint8_t *"
linking...
Program Size: Code=6464 RO-data=236 RW-data=100 ZI-data=1180  
"se350.axf" - 0 Error(s), 2 Warning(s).
Build target 'SE350'
compiling k_process.c...
uart_def.h(36): warning:  #47-D: incompatible redefinition of macro "BIT" (declared at line 30 of "uart_polling.h")
linking...
Program Size: Code=6464 RO-data=236 RW-data=100 ZI-data=1180  
"se350.axf" - 0 Error(s), 1 Warning(s).
Build target 'SE350'
compiling uart_irq.c...
uart_polling.h(30): warning:  #47-D: incompatible redefinition of macro "BIT" (declared at line 36 of "uart_def.h")
uart_irq.c(264): warning:  #513-D: a value of type "char *" cannot be assigned to an entity of type "uint8_t *"
linking...
Program Size: Code=6468 RO-data=236 RW-data=100 ZI-data=1180  
"se350.axf" - 0 Error(s), 2 Warning(s).
Build target 'SE350'
compiling k_process.c...
uart_def.h(36): warning:  #47-D: incompatible redefinition of macro "BIT" (declared at line 30 of "uart_polling.h")
compiling uart_irq.c...
uart_polling.h(30): warning:  #47-D: incompatible redefinition of macro "BIT" (declared at line 36 of "uart_def.h")
uart_irq.c(264): warning:  #513-D: a value of type "char *" cannot be assigned to an entity of type "uint8_t *"
linking...
Program Size: Code=6464 RO-data=236 RW-data=100 ZI-data=1180  
"se350.axf" - 0 Error(s), 3 Warning(s).
Build target 'SE350'
compiling usr_proc.c...
usr_proc.c(85): warning:  #223-D: function "exit" declared implicitly
usr_proc.c(101): warning:  #177-D: variable "temp" was declared but never referenced
usr_proc.c(138): warning:  #177-D: variable "status" was declared but never referenced
usr_proc.c(155): warning:  #177-D: variable "mem_addr" was declared but never referenced
usr_proc.c(156): warning:  #177-D: variable "i" was declared but never referenced
usr_proc.c(156): warning:  #177-D: variable "ret_val" was declared but never referenced
compiling uart_irq.c...
uart_polling.h(30): warning:  #47-D: incompatible redefinition of macro "BIT" (declared at line 36 of "uart_def.h")
uart_irq.c(264): warning:  #513-D: a value of type "char *" cannot be assigned to an entity of type "uint8_t *"
linking...
Program Size: Code=6476 RO-data=236 RW-data=100 ZI-data=1180  
"se350.axf" - 0 Error(s), 8 Warning(s).
Build target 'SE350'
compiling uart_irq.c...
uart_polling.h(30): warning:  #47-D: incompatible redefinition of macro "BIT" (declared at line 36 of "uart_def.h")
uart_irq.c(264): warning:  #513-D: a value of type "char *" cannot be assigned to an entity of type "uint8_t *"
linking...
Program Size: Code=6476 RO-data=236 RW-data=100 ZI-data=1180  
"se350.axf" - 0 Error(s), 2 Warning(s).
Build target 'SE350'
assembling startup_LPC17xx.s...
compiling uart_irq.c...
uart_polling.h(30): warning:  #47-D: incompatible redefinition of macro "BIT" (declared at line 36 of "uart_def.h")
uart_irq.c(265): warning:  #513-D: a value of type "char *" cannot be assigned to an entity of type "uint8_t *"
compiling message.c...
message.c(62): warning:  #550-D: variable "timer" was set but never used
message.c(96): warning:  #177-D: variable "timer" was declared but never referenced
linking...
Program Size: Code=6476 RO-data=236 RW-data=100 ZI-data=1180  
"se350.axf" - 0 Error(s), 4 Warning(s).
Build target 'SE350'
compiling uart_irq.c...
uart_polling.h(30): warning:  #47-D: incompatible redefinition of macro "BIT" (declared at line 36 of "uart_def.h")
uart_irq.c(265): warning:  #513-D: a value of type "char *" cannot be assigned to an entity of type "uint8_t *"
linking...
Program Size: Code=6468 RO-data=236 RW-data=100 ZI-data=1180  
"se350.axf" - 0 Error(s), 2 Warning(s).
Clean started: Project: 'se350'
   deleting intermediate output files for target 'SE350'
Clean started: Project: 'se350'
   deleting intermediate output files for target 'SE350'
Clean started: Project: 'se350'
   deleting intermediate output files for target 'SE350'
Rebuild target 'SE350'
assembling startup_LPC17xx.s...
compiling system_LPC17xx.c...
compiling uart_polling.c...
compiling HAL.c...
compiling k_rtx_init.c...
uart_def.h(36): warning:  #47-D: incompatible redefinition of macro "BIT" (declared at line 30 of "uart_polling.h")
compiling main_svc.c...
compiling printf.c...
compiling usr_proc.c...
usr_proc.c(85): warning:  #223-D: function "exit" declared implicitly
usr_proc.c(101): warning:  #177-D: variable "temp" was declared but never referenced
usr_proc.c(138): warning:  #177-D: variable "status" was declared but never referenced
usr_proc.c(155): warning:  #177-D: variable "mem_addr" was declared but never referenced
usr_proc.c(156): warning:  #177-D: variable "i" was declared but never referenced
usr_proc.c(156): warning:  #177-D: variable "ret_val" was declared but never referenced
compiling k_memory.c...
compiling k_process.c...
uart_def.h(36): warning:  #47-D: incompatible redefinition of macro "BIT" (declared at line 30 of "uart_polling.h")
compiling timer.c...
compiling uart_irq.c...
uart_polling.h(30): warning:  #47-D: incompatible redefinition of macro "BIT" (declared at line 36 of "uart_def.h")
uart_irq.c(265): warning:  #513-D: a value of type "char *" cannot be assigned to an entity of type "uint8_t *"
compiling message.c...
message.c(62): warning:  #550-D: variable "timer" was set but never used
message.c(96): warning:  #177-D: variable "timer" was declared but never referenced
compiling cmd_proc.c...
compiling string.c...
string.c(10): warning:  #1293-D: assignment in condition
compiling wall_clock.c...
linking...
Program Size: Code=6468 RO-data=236 RW-data=100 ZI-data=1180  
"se350.axf" - 0 Error(s), 13 Warning(s).
Load "N:\\SE350\\se350.AXF" 
Erase Done.
Programming Done.
Verify OK.
Rebuild target 'SE350'
assembling startup_LPC17xx.s...
compiling system_LPC17xx.c...
compiling uart_polling.c...
compiling HAL.c...
compiling k_rtx_init.c...
uart_def.h(36): warning:  #47-D: incompatible redefinition of macro "BIT" (declared at line 30 of "uart_polling.h")
compiling main_svc.c...
compiling printf.c...
compiling usr_proc.c...
usr_proc.c(85): warning:  #223-D: function "exit" declared implicitly
usr_proc.c(101): warning:  #177-D: variable "temp" was declared but never referenced
usr_proc.c(138): warning:  #177-D: variable "status" was declared but never referenced
usr_proc.c(155): warning:  #177-D: variable "mem_addr" was declared but never referenced
usr_proc.c(156): warning:  #177-D: variable "i" was declared but never referenced
usr_proc.c(156): warning:  #177-D: variable "ret_val" was declared but never referenced
compiling k_memory.c...
compiling k_process.c...
uart_def.h(36): warning:  #47-D: incompatible redefinition of macro "BIT" (declared at line 30 of "uart_polling.h")
compiling timer.c...
compiling uart_irq.c...
uart_polling.h(30): warning:  #47-D: incompatible redefinition of macro "BIT" (declared at line 36 of "uart_def.h")
uart_irq.c(265): warning:  #513-D: a value of type "char *" cannot be assigned to an entity of type "uint8_t *"
compiling message.c...
message.c(62): warning:  #550-D: variable "timer" was set but never used
message.c(96): warning:  #177-D: variable "timer" was declared but never referenced
compiling cmd_proc.c...
compiling string.c...
string.c(10): warning:  #1293-D: assignment in condition
compiling wall_clock.c...
linking...
Program Size: Code=6468 RO-data=236 RW-data=100 ZI-data=1180  
"se350.axf" - 0 Error(s), 13 Warning(s).
Build target 'SE350'
compiling k_process.c...
uart_def.h(36): warning:  #47-D: incompatible redefinition of macro "BIT" (declared at line 30 of "uart_polling.h")
linking...
Program Size: Code=6468 RO-data=236 RW-data=100 ZI-data=1180  
"se350.axf" - 0 Error(s), 1 Warning(s).
