<html>
<body>
<pre>
<h1>µVision Build Log</h1>
<h2>Project:</h2>
N:\SE350\SE350\se350.uvproj
Project File Date:  03/09/2015

<h2>Output:</h2>
Build target 'SE350'
compiling cmd_proc.c...
cmd_proc.c(5): warning:  #223-D: function "uart0_put_string" declared implicitly
cmd_proc.c(7): error:  #20: identifier "read_queue" is undefined
cmd_proc.c(11): warning:  #223-D: function "uart0_put_char" declared implicitly
cmd_proc.c(11): error:  #20: identifier "ready_queue" is undefined
cmd_proc.c(13): error:  #18: expected a ")"
cmd_proc.c(20): warning:  #223-D: function "uart0_put_string" declared implicitly
cmd_proc.c(19): warning:  #177-D: variable "i" was declared but never referenced
cmd_proc.c(22): warning:  #1-D: last line of file ends without a newline
Target not created
Build target 'SE350'
compiling cmd_proc.c...
cmd_proc.c(5): warning:  #223-D: function "uart0_put_string" declared implicitly
cmd_proc.c(7): error:  #20: identifier "ready_queue" is undefined
cmd_proc.c(11): warning:  #223-D: function "uart0_put_char" declared implicitly
cmd_proc.c(13): error:  #18: expected a ")"
cmd_proc.c(20): warning:  #223-D: function "uart0_put_string" declared implicitly
cmd_proc.c(19): warning:  #177-D: variable "i" was declared but never referenced
cmd_proc.c(22): warning:  #1-D: last line of file ends without a newline
Target not created
Build target 'SE350'
compiling cmd_proc.c...
cmd_proc.c(5): warning:  #223-D: function "uart0_put_string" declared implicitly
cmd_proc.c(7): error:  #20: identifier "ready_queue" is undefined
cmd_proc.c(11): warning:  #223-D: function "uart0_put_char" declared implicitly
cmd_proc.c(13): error:  #18: expected a ")"
cmd_proc.c(20): warning:  #223-D: function "uart0_put_string" declared implicitly
cmd_proc.c(22): error:  #20: identifier "blocked_queue" is undefined
cmd_proc.c(27): warning:  #223-D: function "uart0_put_char" declared implicitly
cmd_proc.c(29): error:  #18: expected a ")"
cmd_proc.c(37): warning:  #223-D: function "uart0_put_string" declared implicitly
cmd_proc.c(39): error:  #20: identifier "blocked_queue" is undefined
cmd_proc.c(44): warning:  #223-D: function "uart0_put_char" declared implicitly
cmd_proc.c(46): error:  #18: expected a ")"
cmd_proc.c(51): warning:  #1-D: last line of file ends without a newline
Target not created
Build target 'SE350'
compiling cmd_proc.c...
cmd_proc.c(5): warning:  #223-D: function "uart0_put_string" declared implicitly
cmd_proc.c(7): error:  #20: identifier "ready_queue" is undefined
cmd_proc.c(11): warning:  #223-D: function "uart0_put_char" declared implicitly
cmd_proc.c(20): warning:  #223-D: function "uart0_put_string" declared implicitly
cmd_proc.c(22): error:  #20: identifier "blocked_queue" is undefined
cmd_proc.c(27): warning:  #223-D: function "uart0_put_char" declared implicitly
cmd_proc.c(37): warning:  #223-D: function "uart0_put_string" declared implicitly
cmd_proc.c(39): error:  #20: identifier "blocked_queue" is undefined
cmd_proc.c(44): warning:  #223-D: function "uart0_put_char" declared implicitly
cmd_proc.c(51): warning:  #1-D: last line of file ends without a newline
Target not created
Build target 'SE350'
compiling cmd_proc.c...
cmd_proc.c(5): warning:  #223-D: function "uart0_put_string" declared implicitly
cmd_proc.c(7): error:  #20: identifier "ready_queue" is undefined
cmd_proc.c(11): warning:  #223-D: function "uart0_put_char" declared implicitly
cmd_proc.c(20): warning:  #223-D: function "uart0_put_string" declared implicitly
cmd_proc.c(22): error:  #20: identifier "blocked_queue" is undefined
cmd_proc.c(27): warning:  #223-D: function "uart0_put_char" declared implicitly
cmd_proc.c(37): warning:  #223-D: function "uart0_put_string" declared implicitly
cmd_proc.c(39): error:  #20: identifier "blocked_queue" is undefined
cmd_proc.c(44): warning:  #223-D: function "uart0_put_char" declared implicitly
Target not created
Build target 'SE350'
compiling cmd_proc.c...
cmd_proc.c(5): warning:  #223-D: function "uart0_put_string" declared implicitly
cmd_proc.c(7): error:  #20: identifier "ready_queue" is undefined
cmd_proc.c(11): warning:  #223-D: function "uart0_put_char" declared implicitly
cmd_proc.c(20): warning:  #223-D: function "uart0_put_string" declared implicitly
cmd_proc.c(22): error:  #20: identifier "blocked_queue" is undefined
cmd_proc.c(27): warning:  #223-D: function "uart0_put_char" declared implicitly
cmd_proc.c(37): warning:  #223-D: function "uart0_put_string" declared implicitly
cmd_proc.c(39): error:  #20: identifier "blocked_queue" is undefined
cmd_proc.c(44): warning:  #223-D: function "uart0_put_char" declared implicitly
Target not created
Build target 'SE350'
compiling cmd_proc.c...
cmd_proc.h(8): warning:  #1-D: last line of file ends without a newline
k_process.c(366): warning:  #177-D: variable "timer_pcb" was declared but never referenced
k_process.c(405): warning:  #550-D: variable "s" was set but never used
k_process.c(406): warning:  #177-D: variable "crt_pcb" was declared but never referenced
k_process.c(419): warning:  #177-D: variable "msg_to_spec_proc" was declared but never referenced
k_process.c(420): warning:  #177-D: variable "kcd_pcb" was declared but never referenced
linking...
se350.axf: Error: L6200E: Symbol timeout_queue multiply defined (by cmd_proc.o and k_process.o).
se350.axf: Error: L6200E: Symbol k_release_processor multiply defined (by cmd_proc.o and k_process.o).
se350.axf: Error: L6200E: Symbol process_init multiply defined (by cmd_proc.o and k_process.o).
se350.axf: Error: L6200E: Symbol k_set_process_priority multiply defined (by cmd_proc.o and k_process.o).
se350.axf: Error: L6200E: Symbol bq_dequeue multiply defined (by cmd_proc.o and k_process.o).
se350.axf: Error: L6200E: Symbol bq_enqueue multiply defined (by cmd_proc.o and k_process.o).
se350.axf: Error: L6200E: Symbol get_current_proc multiply defined (by cmd_proc.o and k_process.o).
se350.axf: Error: L6200E: Symbol gp_pcbs multiply defined (by cmd_proc.o and k_process.o).
se350.axf: Error: L6200E: Symbol rpq_enqueue multiply defined (by cmd_proc.o and k_process.o).
se350.axf: Error: L6200E: Symbol g_proc_table multiply defined (by cmd_proc.o and k_process.o).
se350.axf: Error: L6200E: Symbol ready_queue multiply defined (by cmd_proc.o and k_process.o).
se350.axf: Error: L6200E: Symbol blocked_queue multiply defined (by cmd_proc.o and k_process.o).
se350.axf: Error: L6200E: Symbol input multiply defined (by cmd_proc.o and k_process.o).
se350.axf: Error: L6200E: Symbol gp_current_process multiply defined (by cmd_proc.o and k_process.o).
se350.axf: Error: L6200E: Symbol current_time multiply defined (by cmd_proc.o and k_process.o).
se350.axf: Error: L6200E: Symbol input_char_counter multiply defined (by cmd_proc.o and k_process.o).
se350.axf: Error: L6200E: Symbol timer_i_process multiply defined (by cmd_proc.o and k_process.o).
se350.axf: Error: L6200E: Symbol process_switch multiply defined (by cmd_proc.o and k_process.o).
se350.axf: Error: L6200E: Symbol rpq_dequeue multiply defined (by cmd_proc.o and k_process.o).
se350.axf: Error: L6200E: Symbol scheduler multiply defined (by cmd_proc.o and k_process.o).
se350.axf: Error: L6200E: Symbol null_process multiply defined (by cmd_proc.o and k_process.o).
se350.axf: Error: L6200E: Symbol k_get_process_priority multiply defined (by cmd_proc.o and k_process.o).
se350.axf: Error: L6200E: Symbol get_pcb_from_pid multiply defined (by cmd_proc.o and k_process.o).
se350.axf: Error: L6200E: Symbol uart_i_process multiply defined (by cmd_proc.o and k_process.o).
se350.axf: Error: L6200E: Symbol crt_process multiply defined (by cmd_proc.o and k_process.o).
se350.axf: Error: L6200E: Symbol kcd_process multiply defined (by cmd_proc.o and k_process.o).
Target not created
Build target 'SE350'
compiling cmd_proc.c...
k_process.c(366): warning:  #177-D: variable "timer_pcb" was declared but never referenced
k_process.c(405): warning:  #550-D: variable "s" was set but never used
k_process.c(406): warning:  #177-D: variable "crt_pcb" was declared but never referenced
k_process.c(419): warning:  #177-D: variable "msg_to_spec_proc" was declared but never referenced
k_process.c(420): warning:  #177-D: variable "kcd_pcb" was declared but never referenced
linking...
se350.axf: Error: L6200E: Symbol timeout_queue multiply defined (by cmd_proc.o and k_process.o).
se350.axf: Error: L6200E: Symbol k_release_processor multiply defined (by cmd_proc.o and k_process.o).
se350.axf: Error: L6200E: Symbol process_init multiply defined (by cmd_proc.o and k_process.o).
se350.axf: Error: L6200E: Symbol k_set_process_priority multiply defined (by cmd_proc.o and k_process.o).
se350.axf: Error: L6200E: Symbol bq_dequeue multiply defined (by cmd_proc.o and k_process.o).
se350.axf: Error: L6200E: Symbol bq_enqueue multiply defined (by cmd_proc.o and k_process.o).
se350.axf: Error: L6200E: Symbol get_current_proc multiply defined (by cmd_proc.o and k_process.o).
se350.axf: Error: L6200E: Symbol gp_pcbs multiply defined (by cmd_proc.o and k_process.o).
se350.axf: Error: L6200E: Symbol rpq_enqueue multiply defined (by cmd_proc.o and k_process.o).
se350.axf: Error: L6200E: Symbol g_proc_table multiply defined (by cmd_proc.o and k_process.o).
se350.axf: Error: L6200E: Symbol ready_queue multiply defined (by cmd_proc.o and k_process.o).
se350.axf: Error: L6200E: Symbol blocked_queue multiply defined (by cmd_proc.o and k_process.o).
se350.axf: Error: L6200E: Symbol input multiply defined (by cmd_proc.o and k_process.o).
se350.axf: Error: L6200E: Symbol gp_current_process multiply defined (by cmd_proc.o and k_process.o).
se350.axf: Error: L6200E: Symbol current_time multiply defined (by cmd_proc.o and k_process.o).
se350.axf: Error: L6200E: Symbol input_char_counter multiply defined (by cmd_proc.o and k_process.o).
se350.axf: Error: L6200E: Symbol timer_i_process multiply defined (by cmd_proc.o and k_process.o).
se350.axf: Error: L6200E: Symbol process_switch multiply defined (by cmd_proc.o and k_process.o).
se350.axf: Error: L6200E: Symbol rpq_dequeue multiply defined (by cmd_proc.o and k_process.o).
se350.axf: Error: L6200E: Symbol scheduler multiply defined (by cmd_proc.o and k_process.o).
se350.axf: Error: L6200E: Symbol null_process multiply defined (by cmd_proc.o and k_process.o).
se350.axf: Error: L6200E: Symbol k_get_process_priority multiply defined (by cmd_proc.o and k_process.o).
se350.axf: Error: L6200E: Symbol get_pcb_from_pid multiply defined (by cmd_proc.o and k_process.o).
se350.axf: Error: L6200E: Symbol uart_i_process multiply defined (by cmd_proc.o and k_process.o).
se350.axf: Error: L6200E: Symbol crt_process multiply defined (by cmd_proc.o and k_process.o).
se350.axf: Error: L6200E: Symbol kcd_process multiply defined (by cmd_proc.o and k_process.o).
Target not created
Build target 'SE350'
compiling cmd_proc.c...
cmd_proc.c(9): error:  #20: identifier "ready_queue" is undefined
cmd_proc.c(24): error:  #20: identifier "blocked_queue" is undefined
cmd_proc.c(41): error:  #20: identifier "blocked_queue" is undefined
Target not created
Build target 'SE350'
compiling k_rtx_init.c...
compiling k_memory.c...
compiling k_process.c...
k_process.c(292): error:  #120: return value type does not match the function type
k_process.c(296): error:  #120: return value type does not match the function type
k_process.c(373): warning:  #177-D: variable "timer_pcb" was declared but never referenced
k_process.c(412): warning:  #550-D: variable "s" was set but never used
k_process.c(413): warning:  #177-D: variable "crt_pcb" was declared but never referenced
k_process.c(426): warning:  #177-D: variable "msg_to_spec_proc" was declared but never referenced
k_process.c(427): warning:  #177-D: variable "kcd_pcb" was declared but never referenced
compiling timer.c...
compiling message.c...
compiling cmd_proc.c...
cmd_proc.c(10): error:  #44: expression must have pointer type
cmd_proc.c(14): error:  #44: expression must have pointer type
cmd_proc.c(16): error:  #44: expression must have pointer type
cmd_proc.c(26): error:  #41: expression must have arithmetic or pointer type
cmd_proc.c(29): error:  #44: expression must have pointer type
cmd_proc.c(31): error:  #44: expression must have pointer type
cmd_proc.c(33): error:  #44: expression must have pointer type
cmd_proc.c(43): error:  #20: identifier "blocked_queue" is undefined
Target not created
Build target 'SE350'
compiling k_rtx_init.c...
compiling k_memory.c...
compiling k_process.c...
k_process.c(373): warning:  #177-D: variable "timer_pcb" was declared but never referenced
k_process.c(412): warning:  #550-D: variable "s" was set but never used
k_process.c(413): warning:  #177-D: variable "crt_pcb" was declared but never referenced
k_process.c(426): warning:  #177-D: variable "msg_to_spec_proc" was declared but never referenced
k_process.c(427): warning:  #177-D: variable "kcd_pcb" was declared but never referenced
compiling timer.c...
compiling message.c...
compiling cmd_proc.c...
cmd_proc.c(43): error:  #20: identifier "blocked_queue" is undefined
Target not created
Build target 'SE350'
compiling cmd_proc.c...
linking...
Program Size: Code=4756 RO-data=236 RW-data=80 ZI-data=984  
"se350.axf" - 0 Error(s), 0 Warning(s).
Build target 'SE350'
linking...
Program Size: Code=4756 RO-data=236 RW-data=80 ZI-data=984  
"se350.axf" - 0 Error(s), 0 Warning(s).
Rebuild target 'SE350'
assembling startup_LPC17xx.s...
compiling system_LPC17xx.c...
compiling uart_polling.c...
compiling HAL.c...
compiling k_rtx_init.c...
compiling main_svc.c...
compiling printf.c...
compiling usr_proc.c...
usr_proc.c(140): warning:  #177-D: variable "sent_msg" was declared but never referenced
usr_proc.c(223): warning:  #550-D: variable "mem_addr" was set but never used
usr_proc.c(224): warning:  #177-D: variable "ret_val" was declared but never referenced
compiling k_memory.c...
compiling k_process.c...
k_process.c(373): warning:  #177-D: variable "timer_pcb" was declared but never referenced
k_process.c(412): warning:  #550-D: variable "s" was set but never used
k_process.c(413): warning:  #177-D: variable "crt_pcb" was declared but never referenced
k_process.c(426): warning:  #177-D: variable "msg_to_spec_proc" was declared but never referenced
k_process.c(427): warning:  #177-D: variable "kcd_pcb" was declared but never referenced
compiling timer.c...
compiling uart_irq.c...
uart_irq.c(11): warning:  #14-D: extra text after expected end of preprocessing directive
uart_polling.h(30): warning:  #47-D: incompatible redefinition of macro "BIT" (declared at line 36 of "uart_def.h")
uart_irq.c(195): warning:  #223-D: function "uart_i_process" declared implicitly
compiling message.c...
compiling cmd_proc.c...
linking...
Program Size: Code=4756 RO-data=236 RW-data=80 ZI-data=984  
"se350.axf" - 0 Error(s), 11 Warning(s).
Build target 'SE350'
compiling k_rtx_init.c...
compiling k_memory.c...
compiling k_process.c...
k_process.c(373): warning:  #177-D: variable "timer_pcb" was declared but never referenced
k_process.c(412): warning:  #550-D: variable "s" was set but never used
k_process.c(413): warning:  #177-D: variable "crt_pcb" was declared but never referenced
k_process.c(426): warning:  #177-D: variable "msg_to_spec_proc" was declared but never referenced
k_process.c(427): warning:  #177-D: variable "kcd_pcb" was declared but never referenced
compiling timer.c...
compiling uart_irq.c...
uart_polling.h(30): warning:  #47-D: incompatible redefinition of macro "BIT" (declared at line 36 of "uart_def.h")
compiling message.c...
compiling cmd_proc.c...
linking...
Program Size: Code=4756 RO-data=236 RW-data=80 ZI-data=984  
"se350.axf" - 0 Error(s), 6 Warning(s).
