<html>
<body>
<pre>
<h1>µVision Build Log</h1>
<h2>Project:</h2>
N:\SE350\se350.uvproj
Project File Date:  03/10/2015

<h2>Output:</h2>
Build target 'SE350'
compiling uart_polling.c...
compiling k_rtx_init.c...
uart_def.h(36): warning:  #47-D: incompatible redefinition of macro "BIT" (declared at line 30 of "uart_polling.h")
compiling main_svc.c...
compiling printf.c...
compiling usr_proc.c...
usr_proc.c(142): warning:  #177-D: variable "sent_msg" was declared but never referenced
usr_proc.c(225): warning:  #550-D: variable "mem_addr" was set but never used
usr_proc.c(226): warning:  #177-D: variable "ret_val" was declared but never referenced
compiling k_memory.c...
compiling k_process.c...
k_process.c(381): warning:  #177-D: variable "timer_pcb" was declared but never referenced
k_process.c(422): error:  #20: identifier "message" is undefined
k_process.c(427): warning:  #223-D: function "send_message" declared implicitly
k_process.c(428): error:  #268: declaration may not appear after executable statement in block
k_process.c(429): error:  #20: identifier "IER_THRE" is undefined
k_process.c(437): error:  #20: identifier "BLOCK_SIZE" is undefined
k_process.c(445): warning:  #223-D: function "strncpy" declared implicitly
k_process.c(445): warning:  #223-D: function "strlen" declared implicitly
k_process.c(447): error:  #20: identifier "msgdata" is undefined
k_process.c(460): warning:  #223-D: function "strcmp" declared implicitly
k_process.c(472): warning:  #127-D: expected a statement
k_process.c(476): warning:  #223-D: function "strncpy" declared implicitly
k_process.c(476): warning:  #223-D: function "strlen" declared implicitly
k_process.c(487): error:  #159: declaration is incompatible with previous "strncpy" (declared at line 445)
k_process.c(492): warning:  #1293-D: assignment in condition
k_process.c(499): error:  #20: identifier "i" is undefined
k_process.c(507): warning:  #1-D: last line of file ends without a newline
compiling timer.c...
compiling uart_irq.c...
uart_polling.h(30): warning:  #47-D: incompatible redefinition of macro "BIT" (declared at line 36 of "uart_def.h")
uart_irq.c(206): error:  #268: declaration may not appear after executable statement in block
uart_irq.c(206): warning:  #223-D: function "k_request_memory_block" declared implicitly
uart_irq.c(213): error:  #136: struct "_msgbuf" has no field "m_type"
uart_irq.c(214): error:  #136: struct "_msgbuf" has no field "m_text"
uart_irq.c(215): error:  #136: struct "_msgbuf" has no field "m_text"
uart_irq.c(217): warning:  #223-D: function "k_send_message" declared implicitly
uart_irq.c(238): warning:  #223-D: function "k_release_memory_block" declared implicitly
uart_irq.c(241): warning:  #223-D: function "msg_dequeue" declared implicitly
uart_irq.c(241): error:  #20: identifier "gb_pcbs" is undefined
uart_irq.c(250): warning:  #513-D: a value of type "char *" cannot be assigned to an entity of type "uint8_t *"
compiling message.c...
compiling cmd_proc.c...
Target not created
Build target 'SE350'
compiling k_process.c...
k_process.c(381): warning:  #177-D: variable "timer_pcb" was declared but never referenced
k_process.c(422): error:  #20: identifier "message" is undefined
k_process.c(427): warning:  #223-D: function "send_message" declared implicitly
k_process.c(428): error:  #268: declaration may not appear after executable statement in block
k_process.c(429): error:  #20: identifier "IER_THRE" is undefined
k_process.c(437): error:  #20: identifier "BLOCK_SIZE" is undefined
k_process.c(445): warning:  #223-D: function "strncpy" declared implicitly
k_process.c(445): warning:  #223-D: function "strlen" declared implicitly
k_process.c(447): error:  #20: identifier "msgdata" is undefined
k_process.c(460): warning:  #223-D: function "strcmp" declared implicitly
k_process.c(472): warning:  #127-D: expected a statement
k_process.c(476): warning:  #223-D: function "strncpy" declared implicitly
k_process.c(476): warning:  #223-D: function "strlen" declared implicitly
k_process.c(487): error:  #159: declaration is incompatible with previous "strncpy" (declared at line 445)
k_process.c(492): warning:  #1293-D: assignment in condition
k_process.c(499): error:  #20: identifier "i" is undefined
k_process.c(507): warning:  #1-D: last line of file ends without a newline
compiling uart_irq.c...
uart_polling.h(30): warning:  #47-D: incompatible redefinition of macro "BIT" (declared at line 36 of "uart_def.h")
uart_irq.c(206): error:  #268: declaration may not appear after executable statement in block
uart_irq.c(206): warning:  #223-D: function "k_request_memory_block" declared implicitly
uart_irq.c(213): error:  #136: struct "_msgbuf" has no field "m_type"
uart_irq.c(214): error:  #136: struct "_msgbuf" has no field "m_text"
uart_irq.c(215): error:  #136: struct "_msgbuf" has no field "m_text"
uart_irq.c(217): warning:  #223-D: function "k_send_message" declared implicitly
uart_irq.c(238): warning:  #223-D: function "k_release_memory_block" declared implicitly
uart_irq.c(241): warning:  #223-D: function "msg_dequeue" declared implicitly
uart_irq.c(241): error:  #20: identifier "gp_pcbs" is undefined
uart_irq.c(250): warning:  #513-D: a value of type "char *" cannot be assigned to an entity of type "uint8_t *"
Target not created
Build target 'SE350'
compiling k_process.c...
k_process.c(381): warning:  #177-D: variable "timer_pcb" was declared but never referenced
k_process.c(422): error:  #20: identifier "message" is undefined
k_process.c(427): warning:  #223-D: function "send_message" declared implicitly
k_process.c(428): error:  #268: declaration may not appear after executable statement in block
k_process.c(429): error:  #20: identifier "IER_THRE" is undefined
k_process.c(437): error:  #20: identifier "BLOCK_SIZE" is undefined
k_process.c(445): warning:  #223-D: function "strncpy" declared implicitly
k_process.c(445): warning:  #223-D: function "strlen" declared implicitly
k_process.c(447): error:  #20: identifier "msgdata" is undefined
k_process.c(460): warning:  #223-D: function "strcmp" declared implicitly
k_process.c(472): warning:  #127-D: expected a statement
k_process.c(476): warning:  #223-D: function "strncpy" declared implicitly
k_process.c(476): warning:  #223-D: function "strlen" declared implicitly
k_process.c(487): error:  #159: declaration is incompatible with previous "strncpy" (declared at line 445)
k_process.c(492): warning:  #1293-D: assignment in condition
k_process.c(499): error:  #20: identifier "i" is undefined
k_process.c(507): warning:  #1-D: last line of file ends without a newline
compiling uart_irq.c...
uart_polling.h(30): warning:  #47-D: incompatible redefinition of macro "BIT" (declared at line 36 of "uart_def.h")
uart_irq.c(206): error:  #268: declaration may not appear after executable statement in block
uart_irq.c(206): warning:  #223-D: function "k_request_memory_block" declared implicitly
uart_irq.c(217): warning:  #223-D: function "k_send_message" declared implicitly
uart_irq.c(238): warning:  #223-D: function "k_release_memory_block" declared implicitly
uart_irq.c(241): warning:  #223-D: function "msg_dequeue" declared implicitly
uart_irq.c(241): error:  #20: identifier "gp_pcbs" is undefined
uart_irq.c(250): warning:  #513-D: a value of type "char *" cannot be assigned to an entity of type "uint8_t *"
Target not created
Build target 'SE350'
compiling k_process.c...
k_process.c(381): warning:  #177-D: variable "timer_pcb" was declared but never referenced
k_process.c(422): error:  #20: identifier "message" is undefined
k_process.c(427): warning:  #223-D: function "send_message" declared implicitly
k_process.c(428): error:  #268: declaration may not appear after executable statement in block
k_process.c(429): error:  #20: identifier "IER_THRE" is undefined
k_process.c(437): error:  #20: identifier "BLOCK_SIZE" is undefined
k_process.c(445): warning:  #223-D: function "strncpy" declared implicitly
k_process.c(445): warning:  #223-D: function "strlen" declared implicitly
k_process.c(447): error:  #20: identifier "msgdata" is undefined
k_process.c(460): warning:  #223-D: function "strcmp" declared implicitly
k_process.c(472): warning:  #127-D: expected a statement
k_process.c(476): warning:  #223-D: function "strncpy" declared implicitly
k_process.c(476): warning:  #223-D: function "strlen" declared implicitly
k_process.c(487): error:  #159: declaration is incompatible with previous "strncpy" (declared at line 445)
k_process.c(492): warning:  #1293-D: assignment in condition
k_process.c(499): error:  #20: identifier "i" is undefined
k_process.c(507): warning:  #1-D: last line of file ends without a newline
compiling uart_irq.c...
uart_polling.h(30): warning:  #47-D: incompatible redefinition of macro "BIT" (declared at line 36 of "uart_def.h")
uart_irq.c(207): warning:  #223-D: function "k_request_memory_block" declared implicitly
uart_irq.c(218): warning:  #223-D: function "k_send_message" declared implicitly
uart_irq.c(239): warning:  #223-D: function "k_release_memory_block" declared implicitly
uart_irq.c(242): warning:  #223-D: function "msg_dequeue" declared implicitly
uart_irq.c(242): error:  #20: identifier "gp_pcbs" is undefined
uart_irq.c(251): warning:  #513-D: a value of type "char *" cannot be assigned to an entity of type "uint8_t *"
Target not created
Build target 'SE350'
compiling k_process.c...
k_process.c(381): warning:  #177-D: variable "timer_pcb" was declared but never referenced
k_process.c(422): error:  #20: identifier "message" is undefined
k_process.c(427): warning:  #223-D: function "send_message" declared implicitly
k_process.c(428): error:  #268: declaration may not appear after executable statement in block
k_process.c(429): error:  #20: identifier "IER_THRE" is undefined
k_process.c(437): error:  #20: identifier "BLOCK_SIZE" is undefined
k_process.c(445): warning:  #223-D: function "strncpy" declared implicitly
k_process.c(445): warning:  #223-D: function "strlen" declared implicitly
k_process.c(447): error:  #20: identifier "msgdata" is undefined
k_process.c(460): warning:  #223-D: function "strcmp" declared implicitly
k_process.c(472): warning:  #127-D: expected a statement
k_process.c(476): warning:  #223-D: function "strncpy" declared implicitly
k_process.c(476): warning:  #223-D: function "strlen" declared implicitly
k_process.c(487): error:  #159: declaration is incompatible with previous "strncpy" (declared at line 445)
k_process.c(492): warning:  #1293-D: assignment in condition
k_process.c(508): warning:  #1-D: last line of file ends without a newline
compiling uart_irq.c...
uart_polling.h(30): warning:  #47-D: incompatible redefinition of macro "BIT" (declared at line 36 of "uart_def.h")
uart_irq.c(207): warning:  #223-D: function "k_request_memory_block" declared implicitly
uart_irq.c(218): warning:  #223-D: function "k_send_message" declared implicitly
uart_irq.c(239): warning:  #223-D: function "k_release_memory_block" declared implicitly
uart_irq.c(242): warning:  #223-D: function "msg_dequeue" declared implicitly
uart_irq.c(242): error:  #20: identifier "gp_pcbs" is undefined
uart_irq.c(251): warning:  #513-D: a value of type "char *" cannot be assigned to an entity of type "uint8_t *"
Target not created
Build target 'SE350'
compiling k_process.c...
k_process.c(381): warning:  #177-D: variable "timer_pcb" was declared but never referenced
k_process.c(422): error:  #20: identifier "message" is undefined
k_process.c(427): warning:  #223-D: function "send_message" declared implicitly
k_process.c(428): error:  #268: declaration may not appear after executable statement in block
k_process.c(429): error:  #20: identifier "IER_THRE" is undefined
k_process.c(437): error:  #20: identifier "BLOCK_SIZE" is undefined
k_process.c(445): warning:  #223-D: function "strncpy" declared implicitly
k_process.c(445): warning:  #223-D: function "strlen" declared implicitly
k_process.c(447): error:  #20: identifier "msgdata" is undefined
k_process.c(460): warning:  #223-D: function "strcmp" declared implicitly
k_process.c(472): warning:  #127-D: expected a statement
k_process.c(476): warning:  #223-D: function "strncpy" declared implicitly
k_process.c(476): warning:  #223-D: function "strlen" declared implicitly
compiling uart_irq.c...
uart_polling.h(30): warning:  #47-D: incompatible redefinition of macro "BIT" (declared at line 36 of "uart_def.h")
uart_irq.c(207): warning:  #223-D: function "k_request_memory_block" declared implicitly
uart_irq.c(218): warning:  #223-D: function "k_send_message" declared implicitly
uart_irq.c(239): warning:  #223-D: function "k_release_memory_block" declared implicitly
uart_irq.c(242): warning:  #223-D: function "msg_dequeue" declared implicitly
uart_irq.c(242): error:  #20: identifier "gp_pcbs" is undefined
uart_irq.c(251): warning:  #513-D: a value of type "char *" cannot be assigned to an entity of type "uint8_t *"
compiling string.c...
string.c(10): warning:  #1293-D: assignment in condition
string.c(26): warning:  #1-D: last line of file ends without a newline
Target not created
Build target 'SE350'
compiling k_process.c...
k_process.c(382): warning:  #177-D: variable "timer_pcb" was declared but never referenced
k_process.c(423): error:  #20: identifier "message" is undefined
k_process.c(428): warning:  #223-D: function "send_message" declared implicitly
k_process.c(429): error:  #268: declaration may not appear after executable statement in block
k_process.c(430): error:  #20: identifier "IER_THRE" is undefined
k_process.c(438): error:  #20: identifier "BLOCK_SIZE" is undefined
k_process.c(448): error:  #20: identifier "msgdata" is undefined
k_process.c(473): warning:  #127-D: expected a statement
compiling uart_irq.c...
uart_polling.h(30): warning:  #47-D: incompatible redefinition of macro "BIT" (declared at line 36 of "uart_def.h")
uart_irq.c(207): warning:  #223-D: function "k_request_memory_block" declared implicitly
uart_irq.c(218): warning:  #223-D: function "k_send_message" declared implicitly
uart_irq.c(239): warning:  #223-D: function "k_release_memory_block" declared implicitly
uart_irq.c(242): warning:  #223-D: function "msg_dequeue" declared implicitly
uart_irq.c(242): error:  #20: identifier "gp_pcbs" is undefined
uart_irq.c(251): warning:  #513-D: a value of type "char *" cannot be assigned to an entity of type "uint8_t *"
Target not created
Build target 'SE350'
compiling k_process.c...
k_process.c(382): warning:  #177-D: variable "timer_pcb" was declared but never referenced
k_process.c(423): error:  #20: identifier "message" is undefined
k_process.c(428): warning:  #223-D: function "send_message" declared implicitly
k_process.c(429): error:  #268: declaration may not appear after executable statement in block
k_process.c(430): error:  #20: identifier "IER_THRE" is undefined
k_process.c(464): error:  #20: identifier "msgdata" is undefined
k_process.c(473): warning:  #127-D: expected a statement
compiling uart_irq.c...
uart_polling.h(30): warning:  #47-D: incompatible redefinition of macro "BIT" (declared at line 36 of "uart_def.h")
uart_irq.c(207): warning:  #223-D: function "k_request_memory_block" declared implicitly
uart_irq.c(218): warning:  #223-D: function "k_send_message" declared implicitly
uart_irq.c(239): warning:  #223-D: function "k_release_memory_block" declared implicitly
uart_irq.c(242): warning:  #223-D: function "msg_dequeue" declared implicitly
uart_irq.c(242): error:  #20: identifier "gp_pcbs" is undefined
uart_irq.c(251): warning:  #513-D: a value of type "char *" cannot be assigned to an entity of type "uint8_t *"
Target not created
Build target 'SE350'
compiling k_process.c...
k_process.c(382): warning:  #177-D: variable "timer_pcb" was declared but never referenced
k_process.c(423): error:  #20: identifier "message" is undefined
k_process.c(428): warning:  #223-D: function "send_message" declared implicitly
k_process.c(429): error:  #268: declaration may not appear after executable statement in block
k_process.c(430): error:  #20: identifier "IER_THRE" is undefined
k_process.c(473): warning:  #127-D: expected a statement
compiling uart_irq.c...
uart_polling.h(30): warning:  #47-D: incompatible redefinition of macro "BIT" (declared at line 36 of "uart_def.h")
uart_irq.c(207): warning:  #223-D: function "k_request_memory_block" declared implicitly
uart_irq.c(218): warning:  #223-D: function "k_send_message" declared implicitly
uart_irq.c(239): warning:  #223-D: function "k_release_memory_block" declared implicitly
uart_irq.c(242): warning:  #223-D: function "msg_dequeue" declared implicitly
uart_irq.c(242): error:  #20: identifier "gp_pcbs" is undefined
uart_irq.c(251): warning:  #513-D: a value of type "char *" cannot be assigned to an entity of type "uint8_t *"
Target not created
Build target 'SE350'
compiling k_process.c...
uart_def.h(36): warning:  #47-D: incompatible redefinition of macro "BIT" (declared at line 30 of "uart_polling.h")
k_process.c(383): warning:  #177-D: variable "timer_pcb" was declared but never referenced
k_process.c(424): error:  #20: identifier "message" is undefined
k_process.c(429): warning:  #223-D: function "send_message" declared implicitly
k_process.c(430): error:  #268: declaration may not appear after executable statement in block
k_process.c(474): warning:  #127-D: expected a statement
compiling uart_irq.c...
uart_polling.h(30): warning:  #47-D: incompatible redefinition of macro "BIT" (declared at line 36 of "uart_def.h")
uart_irq.c(207): warning:  #223-D: function "k_request_memory_block" declared implicitly
uart_irq.c(218): warning:  #223-D: function "k_send_message" declared implicitly
uart_irq.c(239): warning:  #223-D: function "k_release_memory_block" declared implicitly
uart_irq.c(242): warning:  #223-D: function "msg_dequeue" declared implicitly
uart_irq.c(242): error:  #20: identifier "gp_pcbs" is undefined
uart_irq.c(251): warning:  #513-D: a value of type "char *" cannot be assigned to an entity of type "uint8_t *"
Target not created
Rebuild target 'SE350'
assembling startup_LPC17xx.s...
compiling system_LPC17xx.c...
compiling uart_polling.c...
compiling HAL.c...
compiling k_rtx_init.c...
uart_def.h(36): warning:  #47-D: incompatible redefinition of macro "BIT" (declared at line 30 of "uart_polling.h")
compiling main_svc.c...
compiling printf.c...
compiling usr_proc.c...
usr_proc.c(142): warning:  #177-D: variable "sent_msg" was declared but never referenced
usr_proc.c(225): warning:  #550-D: variable "mem_addr" was set but never used
usr_proc.c(226): warning:  #177-D: variable "ret_val" was declared but never referenced
compiling k_memory.c...
compiling k_process.c...
uart_def.h(36): warning:  #47-D: incompatible redefinition of macro "BIT" (declared at line 30 of "uart_polling.h")
k_process.c(383): warning:  #177-D: variable "timer_pcb" was declared but never referenced
k_process.c(424): error:  #20: identifier "message" is undefined
k_process.c(429): warning:  #223-D: function "send_message" declared implicitly
k_process.c(430): error:  #268: declaration may not appear after executable statement in block
k_process.c(474): warning:  #127-D: expected a statement
compiling timer.c...
compiling uart_irq.c...
uart_polling.h(30): warning:  #47-D: incompatible redefinition of macro "BIT" (declared at line 36 of "uart_def.h")
uart_irq.c(207): warning:  #223-D: function "k_request_memory_block" declared implicitly
uart_irq.c(218): warning:  #223-D: function "k_send_message" declared implicitly
uart_irq.c(239): warning:  #223-D: function "k_release_memory_block" declared implicitly
uart_irq.c(242): warning:  #223-D: function "msg_dequeue" declared implicitly
uart_irq.c(242): error:  #20: identifier "gp_pcbs" is undefined
uart_irq.c(251): warning:  #513-D: a value of type "char *" cannot be assigned to an entity of type "uint8_t *"
compiling message.c...
compiling cmd_proc.c...
compiling string.c...
string.c(10): warning:  #1293-D: assignment in condition
string.c(26): warning:  #1-D: last line of file ends without a newline
Target not created
Build target 'SE350'
compiling k_process.c...
uart_def.h(36): warning:  #47-D: incompatible redefinition of macro "BIT" (declared at line 30 of "uart_polling.h")
k_process.c(383): warning:  #177-D: variable "timer_pcb" was declared but never referenced
k_process.c(425): error:  #20: identifier "message" is undefined
k_process.c(430): warning:  #223-D: function "send_message" declared implicitly
k_process.c(475): warning:  #127-D: expected a statement
compiling uart_irq.c...
uart_polling.h(30): warning:  #47-D: incompatible redefinition of macro "BIT" (declared at line 36 of "uart_def.h")
uart_irq.c(207): warning:  #223-D: function "k_request_memory_block" declared implicitly
uart_irq.c(218): warning:  #223-D: function "k_send_message" declared implicitly
uart_irq.c(239): warning:  #223-D: function "k_release_memory_block" declared implicitly
uart_irq.c(242): warning:  #223-D: function "msg_dequeue" declared implicitly
uart_irq.c(242): error:  #20: identifier "gp_pcbs" is undefined
uart_irq.c(251): warning:  #513-D: a value of type "char *" cannot be assigned to an entity of type "uint8_t *"
Target not created
Build target 'SE350'
compiling k_process.c...
uart_def.h(36): warning:  #47-D: incompatible redefinition of macro "BIT" (declared at line 30 of "uart_polling.h")
k_process.c(383): warning:  #177-D: variable "timer_pcb" was declared but never referenced
k_process.c(425): error:  #136: struct "_msgbuf" has no field "m_type"
k_process.c(430): warning:  #223-D: function "send_message" declared implicitly
k_process.c(475): warning:  #127-D: expected a statement
compiling uart_irq.c...
uart_polling.h(30): warning:  #47-D: incompatible redefinition of macro "BIT" (declared at line 36 of "uart_def.h")
uart_irq.c(207): warning:  #223-D: function "k_request_memory_block" declared implicitly
uart_irq.c(218): warning:  #223-D: function "k_send_message" declared implicitly
uart_irq.c(239): warning:  #223-D: function "k_release_memory_block" declared implicitly
uart_irq.c(242): warning:  #223-D: function "msg_dequeue" declared implicitly
uart_irq.c(242): error:  #20: identifier "gp_pcbs" is undefined
uart_irq.c(251): warning:  #513-D: a value of type "char *" cannot be assigned to an entity of type "uint8_t *"
Target not created
Build target 'SE350'
compiling k_process.c...
uart_def.h(36): warning:  #47-D: incompatible redefinition of macro "BIT" (declared at line 30 of "uart_polling.h")
k_process.c(383): warning:  #177-D: variable "timer_pcb" was declared but never referenced
k_process.c(430): warning:  #223-D: function "send_message" declared implicitly
k_process.c(475): warning:  #127-D: expected a statement
compiling uart_irq.c...
uart_polling.h(30): warning:  #47-D: incompatible redefinition of macro "BIT" (declared at line 36 of "uart_def.h")
uart_irq.c(207): warning:  #223-D: function "k_request_memory_block" declared implicitly
uart_irq.c(218): warning:  #223-D: function "k_send_message" declared implicitly
uart_irq.c(239): warning:  #223-D: function "k_release_memory_block" declared implicitly
uart_irq.c(242): warning:  #223-D: function "msg_dequeue" declared implicitly
uart_irq.c(242): error:  #20: identifier "gp_pcbs" is undefined
uart_irq.c(251): warning:  #513-D: a value of type "char *" cannot be assigned to an entity of type "uint8_t *"
Target not created
Build target 'SE350'
compiling uart_irq.c...
uart_polling.h(30): warning:  #47-D: incompatible redefinition of macro "BIT" (declared at line 36 of "uart_def.h")
uart_irq.c(209): warning:  #223-D: function "k_request_memory_block" declared implicitly
uart_irq.c(220): warning:  #223-D: function "k_send_message" declared implicitly
uart_irq.c(241): warning:  #223-D: function "k_release_memory_block" declared implicitly
uart_irq.c(244): warning:  #223-D: function "msg_dequeue" declared implicitly
uart_irq.c(253): warning:  #513-D: a value of type "char *" cannot be assigned to an entity of type "uint8_t *"
linking...
se350.axf: Error: L6218E: Undefined symbol send_message (referred from k_process.o).
Target not created
Build target 'SE350'
compiling k_process.c...
uart_def.h(36): warning:  #47-D: incompatible redefinition of macro "BIT" (declared at line 30 of "uart_polling.h")
k_process.c(383): warning:  #177-D: variable "timer_pcb" was declared but never referenced
k_process.c(475): warning:  #127-D: expected a statement
linking...
Program Size: Code=5168 RO-data=236 RW-data=92 ZI-data=1140  
"se350.axf" - 0 Error(s), 3 Warning(s).
Build target 'SE350'
compiling k_process.c...
uart_def.h(36): warning:  #47-D: incompatible redefinition of macro "BIT" (declared at line 30 of "uart_polling.h")
k_process.c(383): warning:  #177-D: variable "timer_pcb" was declared but never referenced
k_process.c(475): warning:  #127-D: expected a statement
k_process.c(487): error: At end of source:  #67: expected a "}"
Target not created
Rebuild target 'SE350'
assembling startup_LPC17xx.s...
compiling system_LPC17xx.c...
compiling uart_polling.c...
compiling HAL.c...
compiling k_rtx_init.c...
uart_def.h(36): warning:  #47-D: incompatible redefinition of macro "BIT" (declared at line 30 of "uart_polling.h")
compiling main_svc.c...
compiling printf.c...
compiling usr_proc.c...
usr_proc.c(142): warning:  #177-D: variable "sent_msg" was declared but never referenced
usr_proc.c(225): warning:  #550-D: variable "mem_addr" was set but never used
usr_proc.c(226): warning:  #177-D: variable "ret_val" was declared but never referenced
compiling k_memory.c...
compiling k_process.c...
uart_def.h(36): warning:  #47-D: incompatible redefinition of macro "BIT" (declared at line 30 of "uart_polling.h")
k_process.c(383): warning:  #177-D: variable "timer_pcb" was declared but never referenced
compiling timer.c...
compiling uart_irq.c...
uart_polling.h(30): warning:  #47-D: incompatible redefinition of macro "BIT" (declared at line 36 of "uart_def.h")
uart_irq.c(209): warning:  #223-D: function "k_request_memory_block" declared implicitly
uart_irq.c(220): warning:  #223-D: function "k_send_message" declared implicitly
uart_irq.c(241): warning:  #223-D: function "k_release_memory_block" declared implicitly
uart_irq.c(244): warning:  #223-D: function "msg_dequeue" declared implicitly
uart_irq.c(253): warning:  #513-D: a value of type "char *" cannot be assigned to an entity of type "uint8_t *"
compiling message.c...
compiling cmd_proc.c...
compiling string.c...
string.c(10): warning:  #1293-D: assignment in condition
string.c(26): warning:  #1-D: last line of file ends without a newline
linking...
Program Size: Code=5172 RO-data=236 RW-data=92 ZI-data=1140  
"se350.axf" - 0 Error(s), 14 Warning(s).
