ARM Linker, 5.02 [Build 28] [MDK-ARM Lite]

==============================================================================

Section Cross References

    startup_lpc17xx.o(STACK) refers (Special) to heapauxi.o(.text) for __use_two_region_memory
    startup_lpc17xx.o(HEAP) refers (Special) to heapauxi.o(.text) for __use_two_region_memory
    startup_lpc17xx.o(RESET) refers (Special) to heapauxi.o(.text) for __use_two_region_memory
    startup_lpc17xx.o(RESET) refers to startup_lpc17xx.o(STACK) for __initial_sp
    startup_lpc17xx.o(RESET) refers to startup_lpc17xx.o(.text) for Reset_Handler
    startup_lpc17xx.o(RESET) refers to hal.o(.emb_text) for SVC_Handler
    startup_lpc17xx.o(RESET) refers to timer.o(.emb_text) for TIMER0_IRQHandler
    startup_lpc17xx.o(RESET) refers to uart_irq.o(.emb_text) for UART0_IRQHandler
    startup_lpc17xx.o(.ARM.__at_0x02FC) refers (Special) to heapauxi.o(.text) for __use_two_region_memory
    startup_lpc17xx.o(.text) refers (Special) to heapauxi.o(.text) for __use_two_region_memory
    startup_lpc17xx.o(.text) refers to __main.o(!!!main) for __main
    startup_lpc17xx.o(.text) refers to startup_lpc17xx.o(HEAP) for Heap_Mem
    startup_lpc17xx.o(.text) refers to startup_lpc17xx.o(STACK) for Stack_Mem
    system_lpc17xx.o(.text) refers to system_lpc17xx.o(.data) for SystemFrequency
    k_rtx_init.o(.text) refers to uart_polling.o(.text) for uart_init
    k_rtx_init.o(.text) refers to uart_irq.o(.text) for uart_irq_init
    k_rtx_init.o(.text) refers to timer.o(.text) for timer_init
    k_rtx_init.o(.text) refers to k_memory.o(.text) for memory_init
    k_rtx_init.o(.text) refers to k_process.o(.text) for process_init
    main_svc.o(.text) refers to system_lpc17xx.o(.text) for SystemInit
    main_svc.o(.text) refers to printf.o(.text) for init_printf
    main_svc.o(.text) refers to uart_polling.o(.text) for putc
    main_svc.o(.text) refers to k_rtx_init.o(.text) for k_rtx_init
    printf.o(.text) refers to printf.o(.data) for stdout_putf
    usr_proc.o(.text) refers to uart_polling.o(.text) for uart_put_string
    usr_proc.o(.text) refers to message.o(.text) for k_delayed_send
    usr_proc.o(.text) refers to exit.o(.text) for exit
    usr_proc.o(.text) refers to k_process.o(.text) for k_set_process_priority
    usr_proc.o(.text) refers to k_memory.o(.text) for k_request_memory_block
    usr_proc.o(.text) refers to usr_proc.o(.data) for test_num
    usr_proc.o(.text) refers to usr_proc.o(.bss) for g_test_procs
    k_memory.o(.text) refers to k_process.o(.text) for get_current_proc
    k_memory.o(.text) refers to k_process.o(.data) for gp_pcbs
    k_memory.o(.text) refers to k_memory.o(.data) for gp_stack
    k_process.o(.text) refers to message.o(.text) for k_send_message_no_preemp
    k_process.o(.text) refers to hal.o(.emb_text) for __rte
    k_process.o(.text) refers to usr_proc.o(.text) for set_test_procs
    k_process.o(.text) refers to sys_procs.o(.text) for set_up_sys_procs
    k_process.o(.text) refers to k_memory.o(.text) for alloc_stack
    k_process.o(.text) refers to k_process.o(.bss) for ready_queue
    k_process.o(.text) refers to k_process.o(.data) for gp_pcbs
    k_process.o(.text) refers to usr_proc.o(.bss) for g_test_procs
    timer.o(.emb_text) refers to timer.o(.text) for c_TIMER0_IRQHandler
    timer.o(.text) refers to k_process.o(.text) for timer_i_process
    timer.o(.text) refers to timer.o(.data) for g_timer_count
    uart_irq.o(.emb_text) refers to uart_irq.o(.text) for c_UART0_IRQHandler
    uart_irq.o(.text) refers to uart_polling.o(.text) for uart_put_string
    uart_irq.o(.text) refers to cmd_proc.o(.text) for print_rpq_process
    uart_irq.o(.text) refers to k_memory.o(.text) for k_request_memory_block
    uart_irq.o(.text) refers to message.o(.text) for k_send_message
    uart_irq.o(.text) refers to uart_irq.o(.data) for g_char_in
    uart_irq.o(.text) refers to k_process.o(.data) for gp_pcbs
    message.o(.text) refers to k_process.o(.text) for get_pcb_from_pid
    message.o(.text) refers to k_process.o(.data) for current_time
    cmd_proc.o(.text) refers to k_process.o(.text) for get_rpq
    cmd_proc.o(.text) refers to uart_polling.o(.text) for uart_put_string
    cmd_proc.o(.text) refers to printf.o(.text) for tfp_printf
    sys_procs.o(.text) refers to uart_irq.o(.text) for set_uart0_interrupt
    sys_procs.o(.text) refers to string.o(.text) for strlen
    sys_procs.o(.text) refers to message.o(.text) for k_receive_message
    sys_procs.o(.text) refers to k_memory.o(.text) for k_release_memory_block
    sys_procs.o(.text) refers to sys_procs.o(.bss) for commands
    sys_procs.o(.text) refers to sys_procs.o(.data) for regCmds
    exit.o(.text) refers to rtexit.o(.ARM.Collect$$rtexit$$00000000) for __rt_exit
    __main.o(!!!main) refers to rtentry.o(.ARM.Collect$$rtentry$$00000000) for __rt_entry
    rtentry.o(.ARM.Collect$$rtentry$$00000000) refers (Special) to rtentry2.o(.ARM.Collect$$rtentry$$0000000A) for __rt_entry_li
    rtentry.o(.ARM.Collect$$rtentry$$00000000) refers (Special) to rtentry2.o(.ARM.Collect$$rtentry$$0000000D) for __rt_entry_main
    rtentry.o(.ARM.Collect$$rtentry$$00000000) refers (Special) to rtentry2.o(.ARM.Collect$$rtentry$$0000000C) for __rt_entry_postli_1
    rtentry.o(.ARM.Collect$$rtentry$$00000000) refers (Special) to rtentry2.o(.ARM.Collect$$rtentry$$00000009) for __rt_entry_postsh_1
    rtentry.o(.ARM.Collect$$rtentry$$00000000) refers (Special) to rtentry2.o(.ARM.Collect$$rtentry$$00000002) for __rt_entry_presh_1
    rtentry.o(.ARM.Collect$$rtentry$$00000000) refers (Special) to rtentry4.o(.ARM.Collect$$rtentry$$00000004) for __rt_entry_sh
    rtexit.o(.ARM.Collect$$rtexit$$00000000) refers (Special) to rtexit2.o(.ARM.Collect$$rtexit$$00000004) for __rt_exit_exit
    rtexit.o(.ARM.Collect$$rtexit$$00000000) refers (Special) to rtexit2.o(.ARM.Collect$$rtexit$$00000003) for __rt_exit_ls
    rtexit.o(.ARM.Collect$$rtexit$$00000000) refers (Special) to rtexit2.o(.ARM.Collect$$rtexit$$00000002) for __rt_exit_prels_1
    rtexit.o(.ARM.exidx) refers (Special) to rtexit2.o(.ARM.Collect$$rtexit$$00000004) for __rt_exit_exit
    rtexit.o(.ARM.exidx) refers (Special) to rtexit2.o(.ARM.Collect$$rtexit$$00000003) for __rt_exit_ls
    rtexit.o(.ARM.exidx) refers (Special) to rtexit2.o(.ARM.Collect$$rtexit$$00000002) for __rt_exit_prels_1
    rtexit.o(.ARM.exidx) refers to rtexit.o(.ARM.Collect$$rtexit$$00000000) for .ARM.Collect$$rtexit$$00000000
    rtentry2.o(.ARM.Collect$$rtentry$$00000008) refers to boardinit2.o(.text) for _platform_post_stackheap_init
    rtentry2.o(.ARM.Collect$$rtentry$$0000000A) refers to libinit.o(.ARM.Collect$$libinit$$00000000) for __rt_lib_init
    rtentry2.o(.ARM.Collect$$rtentry$$0000000B) refers to boardinit3.o(.text) for _platform_post_lib_init
    rtentry2.o(.ARM.Collect$$rtentry$$0000000D) refers to main_svc.o(.text) for main
    rtentry2.o(.ARM.Collect$$rtentry$$0000000D) refers to exit.o(.text) for exit
    rtentry2.o(.ARM.exidx) refers to rtentry2.o(.ARM.Collect$$rtentry$$00000001) for .ARM.Collect$$rtentry$$00000001
    rtentry2.o(.ARM.exidx) refers to rtentry2.o(.ARM.Collect$$rtentry$$00000008) for .ARM.Collect$$rtentry$$00000008
    rtentry2.o(.ARM.exidx) refers to rtentry2.o(.ARM.Collect$$rtentry$$0000000A) for .ARM.Collect$$rtentry$$0000000A
    rtentry2.o(.ARM.exidx) refers to rtentry2.o(.ARM.Collect$$rtentry$$0000000B) for .ARM.Collect$$rtentry$$0000000B
    rtentry2.o(.ARM.exidx) refers to rtentry2.o(.ARM.Collect$$rtentry$$0000000D) for .ARM.Collect$$rtentry$$0000000D
    rtentry4.o(.ARM.Collect$$rtentry$$00000004) refers to sys_stackheap_outer.o(.text) for __user_setup_stackheap
    rtentry4.o(.ARM.exidx) refers to rtentry4.o(.ARM.Collect$$rtentry$$00000004) for .ARM.Collect$$rtentry$$00000004
    rtexit2.o(.ARM.Collect$$rtexit$$00000003) refers to libshutdown.o(.ARM.Collect$$libshutdown$$00000000) for __rt_lib_shutdown
    rtexit2.o(.ARM.Collect$$rtexit$$00000004) refers to sys_exit.o(.text) for _sys_exit
    rtexit2.o(.ARM.exidx) refers to rtexit2.o(.ARM.Collect$$rtexit$$00000001) for .ARM.Collect$$rtexit$$00000001
    rtexit2.o(.ARM.exidx) refers to rtexit2.o(.ARM.Collect$$rtexit$$00000003) for .ARM.Collect$$rtexit$$00000003
    rtexit2.o(.ARM.exidx) refers to rtexit2.o(.ARM.Collect$$rtexit$$00000004) for .ARM.Collect$$rtexit$$00000004
    sys_exit.o(.text) refers (Special) to use_no_semi.o(.text) for __I$use$semihosting
    sys_exit.o(.text) refers (Special) to indicate_semi.o(.text) for __semihosting_library_function
    sys_stackheap_outer.o(.text) refers to libspace.o(.text) for __user_perproc_libspace
    sys_stackheap_outer.o(.text) refers to startup_lpc17xx.o(.text) for __user_initial_stackheap
    libinit.o(.ARM.Collect$$libinit$$00000000) refers (Special) to libinit2.o(.ARM.Collect$$libinit$$0000002C) for __rt_lib_init_alloca_1
    libinit.o(.ARM.Collect$$libinit$$00000000) refers (Special) to libinit2.o(.ARM.Collect$$libinit$$0000002A) for __rt_lib_init_argv_1
    libinit.o(.ARM.Collect$$libinit$$00000000) refers (Special) to libinit2.o(.ARM.Collect$$libinit$$00000019) for __rt_lib_init_atexit_1
    libinit.o(.ARM.Collect$$libinit$$00000000) refers (Special) to libinit2.o(.ARM.Collect$$libinit$$0000001F) for __rt_lib_init_clock_1
    libinit.o(.ARM.Collect$$libinit$$00000000) refers (Special) to libinit2.o(.ARM.Collect$$libinit$$00000030) for __rt_lib_init_cpp_1
    libinit.o(.ARM.Collect$$libinit$$00000000) refers (Special) to libinit2.o(.ARM.Collect$$libinit$$0000002E) for __rt_lib_init_exceptions_1
    libinit.o(.ARM.Collect$$libinit$$00000000) refers (Special) to libinit2.o(.ARM.Collect$$libinit$$00000002) for __rt_lib_init_fp_1
    libinit.o(.ARM.Collect$$libinit$$00000000) refers (Special) to libinit2.o(.ARM.Collect$$libinit$$0000001D) for __rt_lib_init_fp_trap_1
    libinit.o(.ARM.Collect$$libinit$$00000000) refers (Special) to libinit2.o(.ARM.Collect$$libinit$$00000021) for __rt_lib_init_getenv_1
    libinit.o(.ARM.Collect$$libinit$$00000000) refers (Special) to libinit2.o(.ARM.Collect$$libinit$$00000008) for __rt_lib_init_heap_1
    libinit.o(.ARM.Collect$$libinit$$00000000) refers (Special) to libinit2.o(.ARM.Collect$$libinit$$0000000F) for __rt_lib_init_lc_collate_1
    libinit.o(.ARM.Collect$$libinit$$00000000) refers (Special) to libinit2.o(.ARM.Collect$$libinit$$00000011) for __rt_lib_init_lc_ctype_1
    libinit.o(.ARM.Collect$$libinit$$00000000) refers (Special) to libinit2.o(.ARM.Collect$$libinit$$00000013) for __rt_lib_init_lc_monetary_1
    libinit.o(.ARM.Collect$$libinit$$00000000) refers (Special) to libinit2.o(.ARM.Collect$$libinit$$00000015) for __rt_lib_init_lc_numeric_1
    libinit.o(.ARM.Collect$$libinit$$00000000) refers (Special) to libinit2.o(.ARM.Collect$$libinit$$00000017) for __rt_lib_init_lc_time_1
    libinit.o(.ARM.Collect$$libinit$$00000000) refers (Special) to libinit2.o(.ARM.Collect$$libinit$$0000000C) for __rt_lib_init_rand_1
    libinit.o(.ARM.Collect$$libinit$$00000000) refers (Special) to libinit2.o(.ARM.Collect$$libinit$$00000031) for __rt_lib_init_return
    libinit.o(.ARM.Collect$$libinit$$00000000) refers (Special) to libinit2.o(.ARM.Collect$$libinit$$0000001B) for __rt_lib_init_signal_1
    libinit.o(.ARM.Collect$$libinit$$00000000) refers (Special) to libinit2.o(.ARM.Collect$$libinit$$00000023) for __rt_lib_init_stdio_1
    libinit.o(.ARM.Collect$$libinit$$00000000) refers (Special) to libinit2.o(.ARM.Collect$$libinit$$0000000A) for __rt_lib_init_user_alloc_1
    libshutdown.o(.ARM.Collect$$libshutdown$$00000000) refers (Special) to libshutdown2.o(.ARM.Collect$$libshutdown$$00000006) for __rt_lib_shutdown_fp_trap_1
    libshutdown.o(.ARM.Collect$$libshutdown$$00000000) refers (Special) to libshutdown2.o(.ARM.Collect$$libshutdown$$0000000E) for __rt_lib_shutdown_heap_1
    libshutdown.o(.ARM.Collect$$libshutdown$$00000000) refers (Special) to libshutdown2.o(.ARM.Collect$$libshutdown$$0000000F) for __rt_lib_shutdown_return
    libshutdown.o(.ARM.Collect$$libshutdown$$00000000) refers (Special) to libshutdown2.o(.ARM.Collect$$libshutdown$$00000009) for __rt_lib_shutdown_signal_1
    libshutdown.o(.ARM.Collect$$libshutdown$$00000000) refers (Special) to libshutdown2.o(.ARM.Collect$$libshutdown$$00000003) for __rt_lib_shutdown_stdio_1
    libshutdown.o(.ARM.Collect$$libshutdown$$00000000) refers (Special) to libshutdown2.o(.ARM.Collect$$libshutdown$$0000000B) for __rt_lib_shutdown_user_alloc_1
    libspace.o(.text) refers to libspace.o(.bss) for __libspace_start
    libinit2.o(.ARM.Collect$$libinit$$0000000E) refers to libinit2.o(.ARM.Collect$$libinit$$0000000D) for .ARM.Collect$$libinit$$0000000D
    libinit2.o(.ARM.Collect$$libinit$$00000010) refers to libinit2.o(.ARM.Collect$$libinit$$0000000D) for .ARM.Collect$$libinit$$0000000D
    libinit2.o(.ARM.Collect$$libinit$$00000012) refers to libinit2.o(.ARM.Collect$$libinit$$0000000D) for .ARM.Collect$$libinit$$0000000D
    libinit2.o(.ARM.Collect$$libinit$$00000014) refers to libinit2.o(.ARM.Collect$$libinit$$0000000D) for .ARM.Collect$$libinit$$0000000D
    libinit2.o(.ARM.Collect$$libinit$$00000016) refers to libinit2.o(.ARM.Collect$$libinit$$0000000D) for .ARM.Collect$$libinit$$0000000D
    libinit2.o(.ARM.Collect$$libinit$$00000024) refers to argv_veneer.o(.emb_text) for __ARM_argv_veneer
    libinit2.o(.ARM.Collect$$libinit$$00000025) refers to argv_veneer.o(.emb_text) for __ARM_argv_veneer
    argv_veneer.o(.emb_text) refers to no_argv.o(.text) for __ARM_get_argv
    _get_argv_nomalloc.o(.text) refers (Special) to hrguard.o(.text) for __heap_region$guard
    _get_argv_nomalloc.o(.text) refers to defsig_rtmem_outer.o(.text) for __rt_SIGRTMEM
    _get_argv_nomalloc.o(.text) refers to sys_command.o(.text) for _sys_command_string
    sys_command.o(.text) refers (Special) to use_no_semi.o(.text) for __I$use$semihosting
    sys_command.o(.text) refers (Special) to indicate_semi.o(.text) for __semihosting_library_function
    defsig_rtmem_outer.o(.text) refers to defsig_rtmem_inner.o(.text) for __rt_SIGRTMEM_inner
    defsig_rtmem_outer.o(.text) refers to defsig_exit.o(.text) for __sig_exit
    defsig_rtmem_formal.o(.text) refers to rt_raise.o(.text) for __rt_raise
    rt_raise.o(.text) refers to __raise.o(.text) for __raise
    rt_raise.o(.text) refers to sys_exit.o(.text) for _sys_exit
    defsig_exit.o(.text) refers to sys_exit.o(.text) for _sys_exit
    defsig_rtmem_inner.o(.text) refers to defsig_general.o(.text) for __default_signal_display
    __raise.o(.text) refers to defsig.o(CL$$defsig) for __default_signal_handler
    defsig_general.o(.text) refers to sys_wrch.o(.text) for _ttywrch
    sys_wrch.o(.text) refers (Special) to use_no_semi.o(.text) for __I$use$semihosting
    sys_wrch.o(.text) refers (Special) to indicate_semi.o(.text) for __semihosting_library_function
    defsig.o(CL$$defsig) refers to defsig_rtmem_inner.o(.text) for __rt_SIGRTMEM_inner
    defsig_abrt_inner.o(.text) refers to defsig_general.o(.text) for __default_signal_display
    defsig_fpe_inner.o(.text) refers to defsig_general.o(.text) for __default_signal_display
    defsig_rtred_inner.o(.text) refers to defsig_general.o(.text) for __default_signal_display
    defsig_stak_inner.o(.text) refers to defsig_general.o(.text) for __default_signal_display
    defsig_pvfn_inner.o(.text) refers to defsig_general.o(.text) for __default_signal_display
    defsig_cppl_inner.o(.text) refers to defsig_general.o(.text) for __default_signal_display
    defsig_segv_inner.o(.text) refers to defsig_general.o(.text) for __default_signal_display
    defsig_other.o(.text) refers to defsig_general.o(.text) for __default_signal_display


==============================================================================

Removing Unused input sections from the image.

    Removing system_lpc17xx.o(.rev16_text), (4 bytes).
    Removing system_lpc17xx.o(.revsh_text), (4 bytes).
    Removing uart_polling.o(.rev16_text), (4 bytes).
    Removing uart_polling.o(.revsh_text), (4 bytes).
    Removing main_svc.o(.rev16_text), (4 bytes).
    Removing main_svc.o(.revsh_text), (4 bytes).
    Removing k_memory.o(.constdata), (4 bytes).
    Removing k_process.o(.rev16_text), (4 bytes).
    Removing k_process.o(.revsh_text), (4 bytes).
    Removing timer.o(.rev16_text), (4 bytes).
    Removing timer.o(.revsh_text), (4 bytes).
    Removing uart_irq.o(.rev16_text), (4 bytes).
    Removing uart_irq.o(.revsh_text), (4 bytes).
    Removing message.o(.rev16_text), (4 bytes).
    Removing message.o(.revsh_text), (4 bytes).
    Removing sys_procs.o(.rev16_text), (4 bytes).
    Removing sys_procs.o(.revsh_text), (4 bytes).

17 unused section(s) (total 68 bytes) removed from the image.

==============================================================================

Image Symbol Table

    Local Symbols

    Symbol Name                              Value     Ov Type        Size  Object(Section)

    RESET                                    0x00000000   Section      204  startup_lpc17xx.o(RESET)
    ../clib/angel/boardlib.s                 0x00000000   Number         0  boardinit2.o ABSOLUTE
    ../clib/angel/boardlib.s                 0x00000000   Number         0  boardshut.o ABSOLUTE
    ../clib/angel/boardlib.s                 0x00000000   Number         0  boardinit3.o ABSOLUTE
    ../clib/angel/boardlib.s                 0x00000000   Number         0  boardinit1.o ABSOLUTE
    ../clib/angel/handlers.s                 0x00000000   Number         0  __scatter_copy.o ABSOLUTE
    ../clib/angel/handlers.s                 0x00000000   Number         0  __scatter_zi.o ABSOLUTE
    ../clib/angel/kernel.s                   0x00000000   Number         0  rtexit.o ABSOLUTE
    ../clib/angel/kernel.s                   0x00000000   Number         0  rtentry2.o ABSOLUTE
    ../clib/angel/kernel.s                   0x00000000   Number         0  rtexit2.o ABSOLUTE
    ../clib/angel/kernel.s                   0x00000000   Number         0  rtentry4.o ABSOLUTE
    ../clib/angel/kernel.s                   0x00000000   Number         0  rtentry.o ABSOLUTE
    ../clib/angel/rt.s                       0x00000000   Number         0  rt_raise.o ABSOLUTE
    ../clib/angel/scatter.s                  0x00000000   Number         0  __scatter.o ABSOLUTE
    ../clib/angel/startup.s                  0x00000000   Number         0  __main.o ABSOLUTE
    ../clib/angel/sys.s                      0x00000000   Number         0  sys_stackheap_outer.o ABSOLUTE
    ../clib/angel/sys.s                      0x00000000   Number         0  libspace.o ABSOLUTE
    ../clib/angel/sys.s                      0x00000000   Number         0  indicate_semi.o ABSOLUTE
    ../clib/angel/sys.s                      0x00000000   Number         0  use_no_semi.o ABSOLUTE
    ../clib/angel/sysapp.c                   0x00000000   Number         0  sys_exit.o ABSOLUTE
    ../clib/angel/sysapp.c                   0x00000000   Number         0  sys_wrch.o ABSOLUTE
    ../clib/angel/sysapp.c                   0x00000000   Number         0  sys_command.o ABSOLUTE
    ../clib/armsys.c                         0x00000000   Number         0  argv_veneer.o ABSOLUTE
    ../clib/armsys.c                         0x00000000   Number         0  argv_veneer.o ABSOLUTE
    ../clib/armsys.c                         0x00000000   Number         0  no_argv.o ABSOLUTE
    ../clib/armsys.c                         0x00000000   Number         0  _get_argv_nomalloc.o ABSOLUTE
    ../clib/heapalloc.c                      0x00000000   Number         0  hrguard.o ABSOLUTE
    ../clib/heapaux.c                        0x00000000   Number         0  heapauxi.o ABSOLUTE
    ../clib/libinit.s                        0x00000000   Number         0  libshutdown.o ABSOLUTE
    ../clib/libinit.s                        0x00000000   Number         0  libinit2.o ABSOLUTE
    ../clib/libinit.s                        0x00000000   Number         0  libshutdown2.o ABSOLUTE
    ../clib/libinit.s                        0x00000000   Number         0  libinit.o ABSOLUTE
    ../clib/signal.c                         0x00000000   Number         0  defsig_rtmem_formal.o ABSOLUTE
    ../clib/signal.c                         0x00000000   Number         0  defsig_pvfn_inner.o ABSOLUTE
    ../clib/signal.c                         0x00000000   Number         0  defsig_stak_inner.o ABSOLUTE
    ../clib/signal.c                         0x00000000   Number         0  defsig_rtred_inner.o ABSOLUTE
    ../clib/signal.c                         0x00000000   Number         0  defsig_fpe_inner.o ABSOLUTE
    ../clib/signal.c                         0x00000000   Number         0  defsig_abrt_inner.o ABSOLUTE
    ../clib/signal.c                         0x00000000   Number         0  defsig_general.o ABSOLUTE
    ../clib/signal.c                         0x00000000   Number         0  __raise.o ABSOLUTE
    ../clib/signal.c                         0x00000000   Number         0  defsig_segv_inner.o ABSOLUTE
    ../clib/signal.c                         0x00000000   Number         0  defsig_rtmem_inner.o ABSOLUTE
    ../clib/signal.c                         0x00000000   Number         0  defsig_exit.o ABSOLUTE
    ../clib/signal.c                         0x00000000   Number         0  defsig_cppl_inner.o ABSOLUTE
    ../clib/signal.c                         0x00000000   Number         0  defsig_other.o ABSOLUTE
    ../clib/signal.c                         0x00000000   Number         0  defsig_rtmem_outer.o ABSOLUTE
    ../clib/signal.s                         0x00000000   Number         0  defsig.o ABSOLUTE
    ../clib/stdlib.c                         0x00000000   Number         0  exit.o ABSOLUTE
    ../fplib/fpinit.s                        0x00000000   Number         0  fpinit.o ABSOLUTE
    HAL.c                                    0x00000000   Number         0  hal.o ABSOLUTE
    HAL.c                                    0x00000000   Number         0  hal.o ABSOLUTE
    cmd_proc.c                               0x00000000   Number         0  cmd_proc.o ABSOLUTE
    dc.s                                     0x00000000   Number         0  dc.o ABSOLUTE
    k_memory.c                               0x00000000   Number         0  k_memory.o ABSOLUTE
    k_process.c                              0x00000000   Number         0  k_process.o ABSOLUTE
    k_process.c                              0x00000000   Number         0  k_process.o ABSOLUTE
    k_rtx_init.c                             0x00000000   Number         0  k_rtx_init.o ABSOLUTE
    main_svc.c                               0x00000000   Number         0  main_svc.o ABSOLUTE
    main_svc.c                               0x00000000   Number         0  main_svc.o ABSOLUTE
    message.c                                0x00000000   Number         0  message.o ABSOLUTE
    message.c                                0x00000000   Number         0  message.o ABSOLUTE
    printf.c                                 0x00000000   Number         0  printf.o ABSOLUTE
    startup_LPC17xx.s                        0x00000000   Number         0  startup_lpc17xx.o ABSOLUTE
    string.c                                 0x00000000   Number         0  string.o ABSOLUTE
    sys_procs.c                              0x00000000   Number         0  sys_procs.o ABSOLUTE
    sys_procs.c                              0x00000000   Number         0  sys_procs.o ABSOLUTE
    system_LPC17xx.c                         0x00000000   Number         0  system_lpc17xx.o ABSOLUTE
    system_LPC17xx.c                         0x00000000   Number         0  system_lpc17xx.o ABSOLUTE
    timer.c                                  0x00000000   Number         0  timer.o ABSOLUTE
    timer.c                                  0x00000000   Number         0  timer.o ABSOLUTE
    uart_irq.c                               0x00000000   Number         0  uart_irq.o ABSOLUTE
    uart_irq.c                               0x00000000   Number         0  uart_irq.o ABSOLUTE
    uart_polling.c                           0x00000000   Number         0  uart_polling.o ABSOLUTE
    uart_polling.c                           0x00000000   Number         0  uart_polling.o ABSOLUTE
    usr_proc.c                               0x00000000   Number         0  usr_proc.o ABSOLUTE
    wall_clock.c                             0x00000000   Number         0  wall_clock.o ABSOLUTE
    !!!main                                  0x000000cc   Section        8  __main.o(!!!main)
    !!!scatter                               0x000000d4   Section       52  __scatter.o(!!!scatter)
    !!handler_copy                           0x00000108   Section       26  __scatter_copy.o(!!handler_copy)
    !!handler_zi                             0x00000124   Section       28  __scatter_zi.o(!!handler_zi)
    .ARM.Collect$$libinit$$00000000          0x00000140   Section        2  libinit.o(.ARM.Collect$$libinit$$00000000)
    .ARM.Collect$$libinit$$00000002          0x00000142   Section        0  libinit2.o(.ARM.Collect$$libinit$$00000002)
    .ARM.Collect$$libinit$$00000008          0x00000142   Section        0  libinit2.o(.ARM.Collect$$libinit$$00000008)
    .ARM.Collect$$libinit$$0000000A          0x00000142   Section        0  libinit2.o(.ARM.Collect$$libinit$$0000000A)
    .ARM.Collect$$libinit$$0000000C          0x00000142   Section        0  libinit2.o(.ARM.Collect$$libinit$$0000000C)
    .ARM.Collect$$libinit$$0000000F          0x00000142   Section        0  libinit2.o(.ARM.Collect$$libinit$$0000000F)
    .ARM.Collect$$libinit$$00000011          0x00000142   Section        0  libinit2.o(.ARM.Collect$$libinit$$00000011)
    .ARM.Collect$$libinit$$00000013          0x00000142   Section        0  libinit2.o(.ARM.Collect$$libinit$$00000013)
    .ARM.Collect$$libinit$$00000015          0x00000142   Section        0  libinit2.o(.ARM.Collect$$libinit$$00000015)
    .ARM.Collect$$libinit$$00000017          0x00000142   Section        0  libinit2.o(.ARM.Collect$$libinit$$00000017)
    .ARM.Collect$$libinit$$00000019          0x00000142   Section        0  libinit2.o(.ARM.Collect$$libinit$$00000019)
    .ARM.Collect$$libinit$$0000001B          0x00000142   Section        0  libinit2.o(.ARM.Collect$$libinit$$0000001B)
    .ARM.Collect$$libinit$$0000001D          0x00000142   Section        0  libinit2.o(.ARM.Collect$$libinit$$0000001D)
    .ARM.Collect$$libinit$$0000001F          0x00000142   Section        0  libinit2.o(.ARM.Collect$$libinit$$0000001F)
    .ARM.Collect$$libinit$$00000021          0x00000142   Section        0  libinit2.o(.ARM.Collect$$libinit$$00000021)
    .ARM.Collect$$libinit$$00000023          0x00000142   Section        0  libinit2.o(.ARM.Collect$$libinit$$00000023)
    .ARM.Collect$$libinit$$0000002A          0x00000142   Section        0  libinit2.o(.ARM.Collect$$libinit$$0000002A)
    .ARM.Collect$$libinit$$0000002C          0x00000142   Section        0  libinit2.o(.ARM.Collect$$libinit$$0000002C)
    .ARM.Collect$$libinit$$0000002E          0x00000142   Section        0  libinit2.o(.ARM.Collect$$libinit$$0000002E)
    .ARM.Collect$$libinit$$00000030          0x00000142   Section        0  libinit2.o(.ARM.Collect$$libinit$$00000030)
    .ARM.Collect$$libinit$$00000031          0x00000142   Section        2  libinit2.o(.ARM.Collect$$libinit$$00000031)
    .ARM.Collect$$libshutdown$$00000000      0x00000144   Section        2  libshutdown.o(.ARM.Collect$$libshutdown$$00000000)
    .ARM.Collect$$libshutdown$$00000003      0x00000146   Section        0  libshutdown2.o(.ARM.Collect$$libshutdown$$00000003)
    .ARM.Collect$$libshutdown$$00000006      0x00000146   Section        0  libshutdown2.o(.ARM.Collect$$libshutdown$$00000006)
    .ARM.Collect$$libshutdown$$00000009      0x00000146   Section        0  libshutdown2.o(.ARM.Collect$$libshutdown$$00000009)
    .ARM.Collect$$libshutdown$$0000000B      0x00000146   Section        0  libshutdown2.o(.ARM.Collect$$libshutdown$$0000000B)
    .ARM.Collect$$libshutdown$$0000000E      0x00000146   Section        0  libshutdown2.o(.ARM.Collect$$libshutdown$$0000000E)
    .ARM.Collect$$libshutdown$$0000000F      0x00000146   Section        2  libshutdown2.o(.ARM.Collect$$libshutdown$$0000000F)
    .ARM.Collect$$rtentry$$00000000          0x00000148   Section        0  rtentry.o(.ARM.Collect$$rtentry$$00000000)
    .ARM.Collect$$rtentry$$00000002          0x00000148   Section        0  rtentry2.o(.ARM.Collect$$rtentry$$00000002)
    .ARM.Collect$$rtentry$$00000004          0x00000148   Section        6  rtentry4.o(.ARM.Collect$$rtentry$$00000004)
    .ARM.Collect$$rtentry$$00000009          0x0000014e   Section        0  rtentry2.o(.ARM.Collect$$rtentry$$00000009)
    .ARM.Collect$$rtentry$$0000000A          0x0000014e   Section        4  rtentry2.o(.ARM.Collect$$rtentry$$0000000A)
    .ARM.Collect$$rtentry$$0000000C          0x00000152   Section        0  rtentry2.o(.ARM.Collect$$rtentry$$0000000C)
    .ARM.Collect$$rtentry$$0000000D          0x00000152   Section        8  rtentry2.o(.ARM.Collect$$rtentry$$0000000D)
    .ARM.Collect$$rtexit$$00000000           0x0000015a   Section        2  rtexit.o(.ARM.Collect$$rtexit$$00000000)
    .ARM.Collect$$rtexit$$00000002           0x0000015c   Section        0  rtexit2.o(.ARM.Collect$$rtexit$$00000002)
    .ARM.Collect$$rtexit$$00000003           0x0000015c   Section        4  rtexit2.o(.ARM.Collect$$rtexit$$00000003)
    .ARM.Collect$$rtexit$$00000004           0x00000160   Section        6  rtexit2.o(.ARM.Collect$$rtexit$$00000004)
    .emb_text                                0x00000168   Section       50  hal.o(.emb_text)
    .emb_text                                0x0000019c   Section       16  timer.o(.emb_text)
    .emb_text                                0x000001ac   Section       16  uart_irq.o(.emb_text)
    .text                                    0x000001bc   Section       52  startup_lpc17xx.o(.text)
    .text                                    0x000001f0   Section        0  k_rtx_init.o(.text)
    .text                                    0x00000218   Section        0  main_svc.o(.text)
    .text                                    0x0000023c   Section        0  timer.o(.text)
    .text                                    0x0000029c   Section        0  string.o(.text)
    .text                                    0x000002fa   Section        2  use_no_semi.o(.text)
    .ARM.__at_0x02FC                         0x000002fc   Section        4  startup_lpc17xx.o(.ARM.__at_0x02FC)
    .text                                    0x00000300   Section        0  system_lpc17xx.o(.text)
    .text                                    0x0000051c   Section        0  uart_polling.o(.text)
    .text                                    0x00000640   Section        0  printf.o(.text)
    ui2a                                     0x00000641   Thumb Code    86  printf.o(.text)
    i2a                                      0x00000697   Thumb Code    32  printf.o(.text)
    a2d                                      0x000006b7   Thumb Code    50  printf.o(.text)
    a2i                                      0x000006e9   Thumb Code    58  printf.o(.text)
    putchw                                   0x00000723   Thumb Code    82  printf.o(.text)
    putcp                                    0x000008c9   Thumb Code    10  printf.o(.text)
    .text                                    0x00000904   Section        0  usr_proc.o(.text)
    .text                                    0x00000c6c   Section        0  k_memory.o(.text)
    .text                                    0x00000dcc   Section        0  k_process.o(.text)
    .text                                    0x000012f4   Section        0  uart_irq.o(.text)
    NVIC_EnableIRQ                           0x0000147f   Thumb Code    24  uart_irq.o(.text)
    .text                                    0x000014d8   Section        0  message.o(.text)
    .text                                    0x0000169c   Section        0  cmd_proc.o(.text)
    .text                                    0x000017dc   Section        0  sys_procs.o(.text)
    .text                                    0x00001a00   Section        0  exit.o(.text)
    .text                                    0x00001a0c   Section        0  heapauxi.o(.text)
    .text                                    0x00001a14   Section        0  sys_exit.o(.text)
    .text                                    0x00001a20   Section       74  sys_stackheap_outer.o(.text)
    .text                                    0x00001a6c   Section        8  libspace.o(.text)
    .text                                    0x00001a74   Section        0  indicate_semi.o(.text)
    .data                                    0x10000000   Section        4  system_lpc17xx.o(.data)
    .data                                    0x10000004   Section        8  printf.o(.data)
    stdout_putf                              0x10000004   Data           4  printf.o(.data)
    stdout_putp                              0x10000008   Data           4  printf.o(.data)
    .data                                    0x1000000c   Section        8  usr_proc.o(.data)
    .data                                    0x10000014   Section       20  k_memory.o(.data)
    .data                                    0x10000028   Section       20  k_process.o(.data)
    .data                                    0x1000003c   Section        4  timer.o(.data)
    .data                                    0x10000040   Section       18  uart_irq.o(.data)
    .data                                    0x10000054   Section        4  sys_procs.o(.data)
    .bss                                     0x10000058   Section       64  usr_proc.o(.bss)
    .bss                                     0x10000098   Section      280  k_process.o(.bss)
    .bss                                     0x100001b0   Section      160  sys_procs.o(.bss)
    .bss                                     0x10000250   Section       96  libspace.o(.bss)
    HEAP                                     0x100002b0   Section        0  startup_lpc17xx.o(HEAP)
    STACK                                    0x100002b0   Section      512  startup_lpc17xx.o(STACK)
    Heap_Mem                                 0x100002b0   Data           0  startup_lpc17xx.o(HEAP)
    Stack_Mem                                0x100002b0   Data         512  startup_lpc17xx.o(STACK)
    __initial_sp                             0x100004b0   Data           0  startup_lpc17xx.o(STACK)

    Global Symbols

    Symbol Name                              Value     Ov Type        Size  Object(Section)

    BuildAttributes$$THM_ISAv4$P$D$K$B$S$PE$A:L22UL41UL21$X:L11$S22US41US21$IEEE1$IW$USESV6$~STKCKD$USESV7$~SHL$OSPACE$ROPI$EBA8$UX$STANDARDLIB$REQ8$PRES8$EABIv2 0x00000000   Number         0  anon$$obj.o ABSOLUTE
    __ARM_use_no_argv                        0x00000000   Number         0  main_svc.o ABSOLUTE
    __Vectors                                0x00000000   Data           4  startup_lpc17xx.o(RESET)
    __ARM_exceptions_init                     - Undefined Weak Reference
    __alloca_initialize                       - Undefined Weak Reference
    __cpp_initialize__aeabi_                  - Undefined Weak Reference
    __cxa_finalize                            - Undefined Weak Reference
    __rt_locale                               - Undefined Weak Reference
    __sigvec_lookup                           - Undefined Weak Reference
    _atexit_init                              - Undefined Weak Reference
    _call_atexit_fns                          - Undefined Weak Reference
    _clock_init                               - Undefined Weak Reference
    _fp_trap_init                             - Undefined Weak Reference
    _fp_trap_shutdown                         - Undefined Weak Reference
    _get_lc_collate                           - Undefined Weak Reference
    _get_lc_ctype                             - Undefined Weak Reference
    _get_lc_monetary                          - Undefined Weak Reference
    _get_lc_numeric                           - Undefined Weak Reference
    _get_lc_time                              - Undefined Weak Reference
    _getenv_init                              - Undefined Weak Reference
    _handle_redirection                       - Undefined Weak Reference
    _init_alloc                               - Undefined Weak Reference
    _init_user_alloc                          - Undefined Weak Reference
    _initio                                   - Undefined Weak Reference
    _rand_init                                - Undefined Weak Reference
    _signal_finish                            - Undefined Weak Reference
    _signal_init                              - Undefined Weak Reference
    _terminate_alloc                          - Undefined Weak Reference
    _terminate_user_alloc                     - Undefined Weak Reference
    _terminateio                              - Undefined Weak Reference
    __main                                   0x000000cd   Thumb Code     8  __main.o(!!!main)
    __scatterload                            0x000000d5   Thumb Code     0  __scatter.o(!!!scatter)
    __scatterload_rt2                        0x000000d5   Thumb Code    44  __scatter.o(!!!scatter)
    __scatterload_rt2_thumb_only             0x000000d5   Thumb Code     0  __scatter.o(!!!scatter)
    __scatterload_null                       0x000000e3   Thumb Code     0  __scatter.o(!!!scatter)
    __scatterload_copy                       0x00000109   Thumb Code    26  __scatter_copy.o(!!handler_copy)
    __scatterload_zeroinit                   0x00000125   Thumb Code    28  __scatter_zi.o(!!handler_zi)
    __rt_lib_init                            0x00000141   Thumb Code     0  libinit.o(.ARM.Collect$$libinit$$00000000)
    __rt_lib_init_alloca_1                   0x00000143   Thumb Code     0  libinit2.o(.ARM.Collect$$libinit$$0000002C)
    __rt_lib_init_argv_1                     0x00000143   Thumb Code     0  libinit2.o(.ARM.Collect$$libinit$$0000002A)
    __rt_lib_init_atexit_1                   0x00000143   Thumb Code     0  libinit2.o(.ARM.Collect$$libinit$$00000019)
    __rt_lib_init_clock_1                    0x00000143   Thumb Code     0  libinit2.o(.ARM.Collect$$libinit$$0000001F)
    __rt_lib_init_cpp_1                      0x00000143   Thumb Code     0  libinit2.o(.ARM.Collect$$libinit$$00000030)
    __rt_lib_init_exceptions_1               0x00000143   Thumb Code     0  libinit2.o(.ARM.Collect$$libinit$$0000002E)
    __rt_lib_init_fp_1                       0x00000143   Thumb Code     0  libinit2.o(.ARM.Collect$$libinit$$00000002)
    __rt_lib_init_fp_trap_1                  0x00000143   Thumb Code     0  libinit2.o(.ARM.Collect$$libinit$$0000001D)
    __rt_lib_init_getenv_1                   0x00000143   Thumb Code     0  libinit2.o(.ARM.Collect$$libinit$$00000021)
    __rt_lib_init_heap_1                     0x00000143   Thumb Code     0  libinit2.o(.ARM.Collect$$libinit$$00000008)
    __rt_lib_init_lc_collate_1               0x00000143   Thumb Code     0  libinit2.o(.ARM.Collect$$libinit$$0000000F)
    __rt_lib_init_lc_ctype_1                 0x00000143   Thumb Code     0  libinit2.o(.ARM.Collect$$libinit$$00000011)
    __rt_lib_init_lc_monetary_1              0x00000143   Thumb Code     0  libinit2.o(.ARM.Collect$$libinit$$00000013)
    __rt_lib_init_lc_numeric_1               0x00000143   Thumb Code     0  libinit2.o(.ARM.Collect$$libinit$$00000015)
    __rt_lib_init_lc_time_1                  0x00000143   Thumb Code     0  libinit2.o(.ARM.Collect$$libinit$$00000017)
    __rt_lib_init_rand_1                     0x00000143   Thumb Code     0  libinit2.o(.ARM.Collect$$libinit$$0000000C)
    __rt_lib_init_return                     0x00000143   Thumb Code     0  libinit2.o(.ARM.Collect$$libinit$$00000031)
    __rt_lib_init_signal_1                   0x00000143   Thumb Code     0  libinit2.o(.ARM.Collect$$libinit$$0000001B)
    __rt_lib_init_stdio_1                    0x00000143   Thumb Code     0  libinit2.o(.ARM.Collect$$libinit$$00000023)
    __rt_lib_init_user_alloc_1               0x00000143   Thumb Code     0  libinit2.o(.ARM.Collect$$libinit$$0000000A)
    __rt_lib_shutdown                        0x00000145   Thumb Code     0  libshutdown.o(.ARM.Collect$$libshutdown$$00000000)
    __rt_lib_shutdown_fp_trap_1              0x00000147   Thumb Code     0  libshutdown2.o(.ARM.Collect$$libshutdown$$00000006)
    __rt_lib_shutdown_heap_1                 0x00000147   Thumb Code     0  libshutdown2.o(.ARM.Collect$$libshutdown$$0000000E)
    __rt_lib_shutdown_return                 0x00000147   Thumb Code     0  libshutdown2.o(.ARM.Collect$$libshutdown$$0000000F)
    __rt_lib_shutdown_signal_1               0x00000147   Thumb Code     0  libshutdown2.o(.ARM.Collect$$libshutdown$$00000009)
    __rt_lib_shutdown_stdio_1                0x00000147   Thumb Code     0  libshutdown2.o(.ARM.Collect$$libshutdown$$00000003)
    __rt_lib_shutdown_user_alloc_1           0x00000147   Thumb Code     0  libshutdown2.o(.ARM.Collect$$libshutdown$$0000000B)
    __rt_entry                               0x00000149   Thumb Code     0  rtentry.o(.ARM.Collect$$rtentry$$00000000)
    __rt_entry_presh_1                       0x00000149   Thumb Code     0  rtentry2.o(.ARM.Collect$$rtentry$$00000002)
    __rt_entry_sh                            0x00000149   Thumb Code     0  rtentry4.o(.ARM.Collect$$rtentry$$00000004)
    __rt_entry_li                            0x0000014f   Thumb Code     0  rtentry2.o(.ARM.Collect$$rtentry$$0000000A)
    __rt_entry_postsh_1                      0x0000014f   Thumb Code     0  rtentry2.o(.ARM.Collect$$rtentry$$00000009)
    __rt_entry_main                          0x00000153   Thumb Code     0  rtentry2.o(.ARM.Collect$$rtentry$$0000000D)
    __rt_entry_postli_1                      0x00000153   Thumb Code     0  rtentry2.o(.ARM.Collect$$rtentry$$0000000C)
    __rt_exit                                0x0000015b   Thumb Code     0  rtexit.o(.ARM.Collect$$rtexit$$00000000)
    __rt_exit_ls                             0x0000015d   Thumb Code     0  rtexit2.o(.ARM.Collect$$rtexit$$00000003)
    __rt_exit_prels_1                        0x0000015d   Thumb Code     0  rtexit2.o(.ARM.Collect$$rtexit$$00000002)
    __rt_exit_exit                           0x00000161   Thumb Code     0  rtexit2.o(.ARM.Collect$$rtexit$$00000004)
    __rte                                    0x00000169   Thumb Code     6  hal.o(.emb_text)
    SVC_Handler                              0x0000016f   Thumb Code    44  hal.o(.emb_text)
    TIMER0_IRQHandler                        0x0000019d   Thumb Code    16  timer.o(.emb_text)
    UART0_IRQHandler                         0x000001ad   Thumb Code    16  uart_irq.o(.emb_text)
    Reset_Handler                            0x000001bd   Thumb Code     4  startup_lpc17xx.o(.text)
    NMI_Handler                              0x000001c1   Thumb Code     2  startup_lpc17xx.o(.text)
    HardFault_Handler                        0x000001c3   Thumb Code     2  startup_lpc17xx.o(.text)
    MemManage_Handler                        0x000001c5   Thumb Code     2  startup_lpc17xx.o(.text)
    BusFault_Handler                         0x000001c7   Thumb Code     2  startup_lpc17xx.o(.text)
    UsageFault_Handler                       0x000001c9   Thumb Code     2  startup_lpc17xx.o(.text)
    DebugMon_Handler                         0x000001cd   Thumb Code     2  startup_lpc17xx.o(.text)
    PendSV_Handler                           0x000001cf   Thumb Code     2  startup_lpc17xx.o(.text)
    SysTick_Handler                          0x000001d1   Thumb Code     2  startup_lpc17xx.o(.text)
    ADC_IRQHandler                           0x000001d3   Thumb Code     0  startup_lpc17xx.o(.text)
    BOD_IRQHandler                           0x000001d3   Thumb Code     0  startup_lpc17xx.o(.text)
    CANActivity_IRQHandler                   0x000001d3   Thumb Code     0  startup_lpc17xx.o(.text)
    CAN_IRQHandler                           0x000001d3   Thumb Code     0  startup_lpc17xx.o(.text)
    DMA_IRQHandler                           0x000001d3   Thumb Code     0  startup_lpc17xx.o(.text)
    EINT0_IRQHandler                         0x000001d3   Thumb Code     0  startup_lpc17xx.o(.text)
    EINT1_IRQHandler                         0x000001d3   Thumb Code     0  startup_lpc17xx.o(.text)
    EINT2_IRQHandler                         0x000001d3   Thumb Code     0  startup_lpc17xx.o(.text)
    EINT3_IRQHandler                         0x000001d3   Thumb Code     0  startup_lpc17xx.o(.text)
    ENET_IRQHandler                          0x000001d3   Thumb Code     0  startup_lpc17xx.o(.text)
    I2C0_IRQHandler                          0x000001d3   Thumb Code     0  startup_lpc17xx.o(.text)
    I2C1_IRQHandler                          0x000001d3   Thumb Code     0  startup_lpc17xx.o(.text)
    I2C2_IRQHandler                          0x000001d3   Thumb Code     0  startup_lpc17xx.o(.text)
    I2S_IRQHandler                           0x000001d3   Thumb Code     0  startup_lpc17xx.o(.text)
    MCPWM_IRQHandler                         0x000001d3   Thumb Code     0  startup_lpc17xx.o(.text)
    PLL0_IRQHandler                          0x000001d3   Thumb Code     0  startup_lpc17xx.o(.text)
    PLL1_IRQHandler                          0x000001d3   Thumb Code     0  startup_lpc17xx.o(.text)
    PWM1_IRQHandler                          0x000001d3   Thumb Code     0  startup_lpc17xx.o(.text)
    QEI_IRQHandler                           0x000001d3   Thumb Code     0  startup_lpc17xx.o(.text)
    RIT_IRQHandler                           0x000001d3   Thumb Code     0  startup_lpc17xx.o(.text)
    RTC_IRQHandler                           0x000001d3   Thumb Code     0  startup_lpc17xx.o(.text)
    SPI_IRQHandler                           0x000001d3   Thumb Code     0  startup_lpc17xx.o(.text)
    SSP0_IRQHandler                          0x000001d3   Thumb Code     0  startup_lpc17xx.o(.text)
    SSP1_IRQHandler                          0x000001d3   Thumb Code     0  startup_lpc17xx.o(.text)
    TIMER1_IRQHandler                        0x000001d3   Thumb Code     0  startup_lpc17xx.o(.text)
    TIMER2_IRQHandler                        0x000001d3   Thumb Code     0  startup_lpc17xx.o(.text)
    TIMER3_IRQHandler                        0x000001d3   Thumb Code     0  startup_lpc17xx.o(.text)
    UART1_IRQHandler                         0x000001d3   Thumb Code     0  startup_lpc17xx.o(.text)
    UART2_IRQHandler                         0x000001d3   Thumb Code     0  startup_lpc17xx.o(.text)
    UART3_IRQHandler                         0x000001d3   Thumb Code     0  startup_lpc17xx.o(.text)
    USBActivity_IRQHandler                   0x000001d3   Thumb Code     0  startup_lpc17xx.o(.text)
    USB_IRQHandler                           0x000001d3   Thumb Code     0  startup_lpc17xx.o(.text)
    WDT_IRQHandler                           0x000001d3   Thumb Code     0  startup_lpc17xx.o(.text)
    __user_initial_stackheap                 0x000001d5   Thumb Code     0  startup_lpc17xx.o(.text)
    k_rtx_init                               0x000001f1   Thumb Code    38  k_rtx_init.o(.text)
    main                                     0x00000219   Thumb Code    26  main_svc.o(.text)
    timer_init                               0x0000023d   Thumb Code    64  timer.o(.text)
    c_TIMER0_IRQHandler                      0x0000027d   Thumb Code    26  timer.o(.text)
    strncpy                                  0x0000029d   Thumb Code    50  string.o(.text)
    strlen                                   0x000002cf   Thumb Code    16  string.o(.text)
    strcmp                                   0x000002df   Thumb Code    28  string.o(.text)
    __I$use$semihosting                      0x000002fb   Thumb Code     0  use_no_semi.o(.text)
    __use_no_semihosting_swi                 0x000002fb   Thumb Code     2  use_no_semi.o(.text)
    SystemInit                               0x00000301   Thumb Code   476  system_lpc17xx.o(.text)
    uart_init                                0x0000051d   Thumb Code    96  uart_polling.o(.text)
    uart_get_char                            0x0000057d   Thumb Code    36  uart_polling.o(.text)
    uart_put_char                            0x000005a1   Thumb Code    40  uart_polling.o(.text)
    uart_put_string                          0x000005c9   Thumb Code    38  uart_polling.o(.text)
    putc                                     0x000005ef   Thumb Code    28  uart_polling.o(.text)
    tfp_format                               0x00000775   Thumb Code   296  printf.o(.text)
    init_printf                              0x0000089d   Thumb Code    10  printf.o(.text)
    tfp_printf                               0x000008a7   Thumb Code    34  printf.o(.text)
    tfp_sprintf                              0x000008d3   Thumb Code    38  printf.o(.text)
    proc4                                    0x00000905   Thumb Code    28  usr_proc.o(.text)
    proc3                                    0x00000921   Thumb Code    62  usr_proc.o(.text)
    proc2                                    0x0000095f   Thumb Code   146  usr_proc.o(.text)
    proc1                                    0x000009f1   Thumb Code   100  usr_proc.o(.text)
    set_test_procs                           0x00000a55   Thumb Code    96  usr_proc.o(.text)
    printEndTestString                       0x00000ab5   Thumb Code   170  usr_proc.o(.text)
    memory_init                              0x00000c6d   Thumb Code   132  k_memory.o(.text)
    alloc_stack                              0x00000cf1   Thumb Code    32  k_memory.o(.text)
    k_request_memory_block                   0x00000d11   Thumb Code    52  k_memory.o(.text)
    k_release_memory_block                   0x00000d45   Thumb Code   102  k_memory.o(.text)
    rpq_enqueue                              0x00000dcd   Thumb Code    92  k_process.o(.text)
    timer_i_process                          0x00000e29   Thumb Code    74  k_process.o(.text)
    process_switch                           0x00000e73   Thumb Code   132  k_process.o(.text)
    rpq_dequeue                              0x00000ef7   Thumb Code    28  k_process.o(.text)
    scheduler                                0x00000f13   Thumb Code    42  k_process.o(.text)
    k_release_processor                      0x00000f3d   Thumb Code    48  k_process.o(.text)
    null_process                             0x00000f6d   Thumb Code     8  k_process.o(.text)
    process_init                             0x00000f75   Thumb Code   362  k_process.o(.text)
    k_set_process_priority                   0x000010df   Thumb Code   200  k_process.o(.text)
    k_get_process_priority                   0x000011a7   Thumb Code    78  k_process.o(.text)
    get_rpq                                  0x000011f5   Thumb Code     4  k_process.o(.text)
    get_bq                                   0x000011f9   Thumb Code     4  k_process.o(.text)
    bq_enqueue                               0x000011fd   Thumb Code    32  k_process.o(.text)
    bq_dequeue                               0x0000121d   Thumb Code    76  k_process.o(.text)
    bq_dequeue_by_pid                        0x00001269   Thumb Code    76  k_process.o(.text)
    get_current_proc                         0x000012b5   Thumb Code     6  k_process.o(.text)
    get_pcb_from_pid                         0x000012bb   Thumb Code    40  k_process.o(.text)
    uart_irq_init                            0x000012f5   Thumb Code   132  uart_irq.o(.text)
    c_UART0_IRQHandler                       0x00001379   Thumb Code   246  uart_irq.o(.text)
    set_uart0_interrupt                      0x0000146f   Thumb Code    16  uart_irq.o(.text)
    msg_enqueue                              0x000014d9   Thumb Code    32  message.o(.text)
    msg_dequeue                              0x000014f9   Thumb Code    98  message.o(.text)
    k_send_message                           0x0000155b   Thumb Code   100  message.o(.text)
    k_send_message_no_preemp                 0x000015bf   Thumb Code    76  message.o(.text)
    k_receive_message                        0x0000160b   Thumb Code    54  message.o(.text)
    k_delayed_send                           0x00001641   Thumb Code    84  message.o(.text)
    print_rpq_process                        0x0000169d   Thumb Code    58  cmd_proc.o(.text)
    print_blk_on_mem_process                 0x000016d7   Thumb Code    66  cmd_proc.o(.text)
    print_blk_on_msg_process                 0x00001719   Thumb Code    66  cmd_proc.o(.text)
    clear_buffer                             0x000017dd   Thumb Code    18  sys_procs.o(.text)
    crt_process                              0x000017ef   Thumb Code    46  sys_procs.o(.text)
    kcd_process                              0x0000181d   Thumb Code   422  sys_procs.o(.text)
    set_up_sys_procs                         0x000019c3   Thumb Code    42  sys_procs.o(.text)
    exit                                     0x00001a01   Thumb Code    12  exit.o(.text)
    __use_two_region_memory                  0x00001a0d   Thumb Code     2  heapauxi.o(.text)
    __rt_heap_escrow$2region                 0x00001a0f   Thumb Code     2  heapauxi.o(.text)
    __rt_heap_expand$2region                 0x00001a11   Thumb Code     2  heapauxi.o(.text)
    _sys_exit                                0x00001a15   Thumb Code     8  sys_exit.o(.text)
    __user_setup_stackheap                   0x00001a21   Thumb Code    74  sys_stackheap_outer.o(.text)
    __user_libspace                          0x00001a6d   Thumb Code     8  libspace.o(.text)
    __user_perproc_libspace                  0x00001a6d   Thumb Code     0  libspace.o(.text)
    __user_perthread_libspace                0x00001a6d   Thumb Code     0  libspace.o(.text)
    Region$$Table$$Base                      0x00001a74   Number         0  anon$$obj.o(Region$$Table)
    __semihosting_library_function           0x00001a75   Thumb Code     0  indicate_semi.o(.text)
    Region$$Table$$Limit                     0x00001a94   Number         0  anon$$obj.o(Region$$Table)
    SystemFrequency                          0x10000000   Data           4  system_lpc17xx.o(.data)
    test_num                                 0x1000000c   Data           4  usr_proc.o(.data)
    ok_tests                                 0x10000010   Data           4  usr_proc.o(.data)
    gp_stack                                 0x10000014   Data           4  k_memory.o(.data)
    gp_heap                                  0x10000018   Data           4  k_memory.o(.data)
    mem_start_ptr                            0x1000001c   Data           4  k_memory.o(.data)
    mem_end_ptr                              0x10000020   Data           4  k_memory.o(.data)
    heap_limit                               0x10000024   Data           4  k_memory.o(.data)
    gp_current_process                       0x10000028   Data           4  k_process.o(.data)
    gp_pcbs                                  0x1000002c   Data           4  k_process.o(.data)
    current_time                             0x10000030   Data           4  k_process.o(.data)
    input_char_counter                       0x10000034   Data           4  k_process.o(.data)
    timeout_queue                            0x10000038   Data           4  k_process.o(.data)
    g_timer_count                            0x1000003c   Data           4  timer.o(.data)
    empty_buffer                             0x10000040   Data           1  uart_irq.o(.data)
    gp_buffer                                0x10000044   Data           4  uart_irq.o(.data)
    g_send_char                              0x10000048   Data           1  uart_irq.o(.data)
    msg                                      0x1000004c   Data           4  uart_irq.o(.data)
    g_char_in                                0x10000050   Data           1  uart_irq.o(.data)
    g_char_out                               0x10000051   Data           1  uart_irq.o(.data)
    regCmds                                  0x10000054   Data           4  sys_procs.o(.data)
    g_test_procs                             0x10000058   Data          64  usr_proc.o(.bss)
    g_proc_table                             0x10000098   Data         144  k_process.o(.bss)
    ready_queue                              0x10000128   Data          36  k_process.o(.bss)
    blocked_queue                            0x1000014c   Data          36  k_process.o(.bss)
    input                                    0x10000170   Data          64  k_process.o(.bss)
    commands                                 0x100001b0   Data         160  sys_procs.o(.bss)
    __libspace_start                         0x10000250   Data          96  libspace.o(.bss)
    __temporary_stack_top$libspace           0x100002b0   Data           0  libspace.o(.bss)
    Image$$RW_IRAM1$$ZI$$Limit               0x100004b0   Number         0  startup_lpc17xx.o(STACK)



==============================================================================

Memory Map of the image

  Image Entry point : 0x000000cd

  Load Region LR_IROM1 (Base: 0x00000000, Size: 0x00001aec, Max: 0x00080000, ABSOLUTE)

    Execution Region ER_IROM1 (Base: 0x00000000, Size: 0x00001a94, Max: 0x00080000, ABSOLUTE)

    Base Addr    Size         Type   Attr      Idx    E Section Name        Object

    0x00000000   0x000000cc   Data   RO            3    RESET               startup_lpc17xx.o
    0x000000cc   0x00000008   Code   RO          388  * !!!main             c_w.l(__main.o)
    0x000000d4   0x00000034   Code   RO          540    !!!scatter          c_w.l(__scatter.o)
    0x00000108   0x0000001a   Code   RO          542    !!handler_copy      c_w.l(__scatter_copy.o)
    0x00000122   0x00000002   PAD
    0x00000124   0x0000001c   Code   RO          544    !!handler_zi        c_w.l(__scatter_zi.o)
    0x00000140   0x00000002   Code   RO          426    .ARM.Collect$$libinit$$00000000  c_w.l(libinit.o)
    0x00000142   0x00000000   Code   RO          435    .ARM.Collect$$libinit$$00000002  c_w.l(libinit2.o)
    0x00000142   0x00000000   Code   RO          438    .ARM.Collect$$libinit$$00000008  c_w.l(libinit2.o)
    0x00000142   0x00000000   Code   RO          440    .ARM.Collect$$libinit$$0000000A  c_w.l(libinit2.o)
    0x00000142   0x00000000   Code   RO          442    .ARM.Collect$$libinit$$0000000C  c_w.l(libinit2.o)
    0x00000142   0x00000000   Code   RO          445    .ARM.Collect$$libinit$$0000000F  c_w.l(libinit2.o)
    0x00000142   0x00000000   Code   RO          447    .ARM.Collect$$libinit$$00000011  c_w.l(libinit2.o)
    0x00000142   0x00000000   Code   RO          449    .ARM.Collect$$libinit$$00000013  c_w.l(libinit2.o)
    0x00000142   0x00000000   Code   RO          451    .ARM.Collect$$libinit$$00000015  c_w.l(libinit2.o)
    0x00000142   0x00000000   Code   RO          453    .ARM.Collect$$libinit$$00000017  c_w.l(libinit2.o)
    0x00000142   0x00000000   Code   RO          455    .ARM.Collect$$libinit$$00000019  c_w.l(libinit2.o)
    0x00000142   0x00000000   Code   RO          457    .ARM.Collect$$libinit$$0000001B  c_w.l(libinit2.o)
    0x00000142   0x00000000   Code   RO          459    .ARM.Collect$$libinit$$0000001D  c_w.l(libinit2.o)
    0x00000142   0x00000000   Code   RO          461    .ARM.Collect$$libinit$$0000001F  c_w.l(libinit2.o)
    0x00000142   0x00000000   Code   RO          463    .ARM.Collect$$libinit$$00000021  c_w.l(libinit2.o)
    0x00000142   0x00000000   Code   RO          465    .ARM.Collect$$libinit$$00000023  c_w.l(libinit2.o)
    0x00000142   0x00000000   Code   RO          469    .ARM.Collect$$libinit$$0000002A  c_w.l(libinit2.o)
    0x00000142   0x00000000   Code   RO          471    .ARM.Collect$$libinit$$0000002C  c_w.l(libinit2.o)
    0x00000142   0x00000000   Code   RO          473    .ARM.Collect$$libinit$$0000002E  c_w.l(libinit2.o)
    0x00000142   0x00000000   Code   RO          475    .ARM.Collect$$libinit$$00000030  c_w.l(libinit2.o)
    0x00000142   0x00000002   Code   RO          476    .ARM.Collect$$libinit$$00000031  c_w.l(libinit2.o)
    0x00000144   0x00000002   Code   RO          427    .ARM.Collect$$libshutdown$$00000000  c_w.l(libshutdown.o)
    0x00000146   0x00000000   Code   RO          479    .ARM.Collect$$libshutdown$$00000003  c_w.l(libshutdown2.o)
    0x00000146   0x00000000   Code   RO          482    .ARM.Collect$$libshutdown$$00000006  c_w.l(libshutdown2.o)
    0x00000146   0x00000000   Code   RO          485    .ARM.Collect$$libshutdown$$00000009  c_w.l(libshutdown2.o)
    0x00000146   0x00000000   Code   RO          487    .ARM.Collect$$libshutdown$$0000000B  c_w.l(libshutdown2.o)
    0x00000146   0x00000000   Code   RO          490    .ARM.Collect$$libshutdown$$0000000E  c_w.l(libshutdown2.o)
    0x00000146   0x00000002   Code   RO          491    .ARM.Collect$$libshutdown$$0000000F  c_w.l(libshutdown2.o)
    0x00000148   0x00000000   Code   RO          390    .ARM.Collect$$rtentry$$00000000  c_w.l(rtentry.o)
    0x00000148   0x00000000   Code   RO          394    .ARM.Collect$$rtentry$$00000002  c_w.l(rtentry2.o)
    0x00000148   0x00000006   Code   RO          406    .ARM.Collect$$rtentry$$00000004  c_w.l(rtentry4.o)
    0x0000014e   0x00000000   Code   RO          396    .ARM.Collect$$rtentry$$00000009  c_w.l(rtentry2.o)
    0x0000014e   0x00000004   Code   RO          397    .ARM.Collect$$rtentry$$0000000A  c_w.l(rtentry2.o)
    0x00000152   0x00000000   Code   RO          399    .ARM.Collect$$rtentry$$0000000C  c_w.l(rtentry2.o)
    0x00000152   0x00000008   Code   RO          400    .ARM.Collect$$rtentry$$0000000D  c_w.l(rtentry2.o)
    0x0000015a   0x00000002   Code   RO          391    .ARM.Collect$$rtexit$$00000000  c_w.l(rtexit.o)
    0x0000015c   0x00000000   Code   RO          409    .ARM.Collect$$rtexit$$00000002  c_w.l(rtexit2.o)
    0x0000015c   0x00000004   Code   RO          410    .ARM.Collect$$rtexit$$00000003  c_w.l(rtexit2.o)
    0x00000160   0x00000006   Code   RO          411    .ARM.Collect$$rtexit$$00000004  c_w.l(rtexit2.o)
    0x00000166   0x00000002   PAD
    0x00000168   0x00000032   Code   RO           80    .emb_text           hal.o
    0x0000019a   0x00000002   PAD
    0x0000019c   0x00000010   Code   RO          241    .emb_text           timer.o
    0x000001ac   0x00000010   Code   RO          272    .emb_text           uart_irq.o
    0x000001bc   0x00000034   Code   RO            5    .text               startup_lpc17xx.o
    0x000001f0   0x00000026   Code   RO           87    .text               k_rtx_init.o
    0x00000216   0x00000002   PAD
    0x00000218   0x00000024   Code   RO          123    .text               main_svc.o
    0x0000023c   0x00000060   Code   RO          242    .text               timer.o
    0x0000029c   0x0000005e   Code   RO          337    .text               string.o
    0x000002fa   0x00000002   Code   RO          431    .text               c_w.l(use_no_semi.o)
    0x000002fc   0x00000004   Code   RO            4    .ARM.__at_0x02FC    startup_lpc17xx.o
    0x00000300   0x0000021c   Code   RO           15    .text               system_lpc17xx.o
    0x0000051c   0x00000124   Code   RO           59    .text               uart_polling.o
    0x00000640   0x000002c4   Code   RO          150    .text               printf.o
    0x00000904   0x00000368   Code   RO          164    .text               usr_proc.o
    0x00000c6c   0x00000160   Code   RO          183    .text               k_memory.o
    0x00000dcc   0x00000528   Code   RO          204    .text               k_process.o
    0x000012f4   0x000001e4   Code   RO          273    .text               uart_irq.o
    0x000014d8   0x000001c4   Code   RO          306    .text               message.o
    0x0000169c   0x00000140   Code   RO          325    .text               cmd_proc.o
    0x000017dc   0x00000224   Code   RO          354    .text               sys_procs.o
    0x00001a00   0x0000000c   Code   RO          384    .text               c_w.l(exit.o)
    0x00001a0c   0x00000006   Code   RO          386    .text               c_w.l(heapauxi.o)
    0x00001a12   0x00000002   PAD
    0x00001a14   0x0000000c   Code   RO          415    .text               c_w.l(sys_exit.o)
    0x00001a20   0x0000004a   Code   RO          417    .text               c_w.l(sys_stackheap_outer.o)
    0x00001a6a   0x00000002   PAD
    0x00001a6c   0x00000008   Code   RO          428    .text               c_w.l(libspace.o)
    0x00001a74   0x00000000   Code   RO          433    .text               c_w.l(indicate_semi.o)
    0x00001a74   0x00000020   Data   RO          538    Region$$Table       anon$$obj.o


    Execution Region RW_IRAM1 (Base: 0x10000000, Size: 0x000004b0, Max: 0x00008000, ABSOLUTE)

    Base Addr    Size         Type   Attr      Idx    E Section Name        Object

    0x10000000   0x00000004   Data   RW           16    .data               system_lpc17xx.o
    0x10000004   0x00000008   Data   RW          151    .data               printf.o
    0x1000000c   0x00000008   Data   RW          166    .data               usr_proc.o
    0x10000014   0x00000014   Data   RW          185    .data               k_memory.o
    0x10000028   0x00000014   Data   RW          206    .data               k_process.o
    0x1000003c   0x00000004   Data   RW          243    .data               timer.o
    0x10000040   0x00000012   Data   RW          274    .data               uart_irq.o
    0x10000052   0x00000002   PAD
    0x10000054   0x00000004   Data   RW          356    .data               sys_procs.o
    0x10000058   0x00000040   Zero   RW          165    .bss                usr_proc.o
    0x10000098   0x00000118   Zero   RW          205    .bss                k_process.o
    0x100001b0   0x000000a0   Zero   RW          355    .bss                sys_procs.o
    0x10000250   0x00000060   Zero   RW          429    .bss                c_w.l(libspace.o)
    0x100002b0   0x00000000   Zero   RW            2    HEAP                startup_lpc17xx.o
    0x100002b0   0x00000200   Zero   RW            1    STACK               startup_lpc17xx.o


==============================================================================

Image component sizes


      Code (inc. data)   RO Data    RW Data    ZI Data      Debug   Object Name

       320        130          0          0          0       1262   cmd_proc.o
        50          0          0          0          0        280   hal.o
       352         34          0         20          0       2055   k_memory.o
      1320         52          0         20        280       8403   k_process.o
        38          0          0          0          0       1265   k_rtx_init.o
        36         10          0          0          0       2147   main_svc.o
       452          8          0          0          0       2708   message.o
       708         12          0          8          0       3288   printf.o
        56         22        204          0        512        860   startup_lpc17xx.o
        94          0          0          0          0        944   string.o
       548         20          0          4        160       2963   sys_procs.o
       540         64          0          4          0      21523   system_lpc17xx.o
       112          6          0          4          0      25080   timer.o
       500         66          0         18          0       2339   uart_irq.o
       292         54          0          0          0       1857   uart_polling.o
       872        270          0          8         64       1789   usr_proc.o

    ----------------------------------------------------------------------
      6294        748        236         88       1016      78763   Object Totals
         0          0         32          0          0          0   (incl. Generated)
         4          0          0          2          0          0   (incl. Padding)

    ----------------------------------------------------------------------

      Code (inc. data)   RO Data    RW Data    ZI Data      Debug   Library Member Name

         8          0          0          0          0         68   __main.o
        52          8          0          0          0          0   __scatter.o
        26          0          0          0          0          0   __scatter_copy.o
        28          0          0          0          0          0   __scatter_zi.o
        12          0          0          0          0         72   exit.o
         6          0          0          0          0        152   heapauxi.o
         0          0          0          0          0          0   indicate_semi.o
         2          0          0          0          0          0   libinit.o
         2          0          0          0          0          0   libinit2.o
         2          0          0          0          0          0   libshutdown.o
         2          0          0          0          0          0   libshutdown2.o
         8          4          0          0         96         68   libspace.o
         0          0          0          0          0          0   rtentry.o
        12          0          0          0          0          0   rtentry2.o
         6          0          0          0          0          0   rtentry4.o
         2          0          0          0          0          0   rtexit.o
        10          0          0          0          0          0   rtexit2.o
        12          4          0          0          0         68   sys_exit.o
        74          0          0          0          0         80   sys_stackheap_outer.o
         2          0          0          0          0         68   use_no_semi.o

    ----------------------------------------------------------------------
       274         16          0          0         96        576   Library Totals
         8          0          0          0          0          0   (incl. Padding)

    ----------------------------------------------------------------------

      Code (inc. data)   RO Data    RW Data    ZI Data      Debug   Library Name

       266         16          0          0         96        576   c_w.l

    ----------------------------------------------------------------------
       274         16          0          0         96        576   Library Totals

    ----------------------------------------------------------------------

==============================================================================


      Code (inc. data)   RO Data    RW Data    ZI Data      Debug   

      6568        764        236         88       1112      77883   Grand Totals
      6568        764        236         88       1112      77883   ELF Image Totals
      6568        764        236         88          0          0   ROM Totals

==============================================================================

    Total RO  Size (Code + RO Data)                 6804 (   6.64kB)
    Total RW  Size (RW Data + ZI Data)              1200 (   1.17kB)
    Total ROM Size (Code + RO Data + RW Data)       6892 (   6.73kB)

==============================================================================

