<html>
<body>
<pre>
<h1>µVision Build Log</h1>
<h2>Project:</h2>
N:\SE350\se350.uvproj
Project File Date:  03/10/2015

<h2>Output:</h2>
Build target 'SE350'
compiling k_process.c...
uart_def.h(36): warning:  #47-D: incompatible redefinition of macro "BIT" (declared at line 30 of "uart_polling.h")
compiling uart_irq.c...
uart_polling.h(30): warning:  #47-D: incompatible redefinition of macro "BIT" (declared at line 36 of "uart_def.h")
uart_irq.c(265): warning:  #513-D: a value of type "char *" cannot be assigned to an entity of type "uint8_t *"
compiling wall_clock.c...
timer.h(9): error:  #20: identifier "uint32_t" is undefined
timer.h(9): error:  #20: identifier "uint8_t" is undefined
wall_clock.c(6): error:  #20: identifier "msgbug" is undefined
wall_clock.c(6): error:  #29: expected an expression
wall_clock.c(6): error:  #65: expected a ";"
wall_clock.c(10): error:  #268: declaration may not appear after executable statement in block
wall_clock.c(10): error:  #20: identifier "keyreg" is undefined
wall_clock.c(10): error:  #65: expected a ";"
wall_clock.c(12): warning:  #223-D: function "send_message" declared implicitly
wall_clock.c(14): error:  #29: expected an expression
wall_clock.c(14): error:  #65: expected a ";"
wall_clock.c(18): error:  #268: declaration may not appear after executable statement in block
wall_clock.c(18): error:  #20: identifier "keyreg" is undefined
wall_clock.c(18): error:  #101: "env" has already been declared in the current scope
wall_clock.c(18): error:  #65: expected a ";"
wall_clock.c(22): error:  #29: expected an expression
wall_clock.c(22): error:  #65: expected a ";"
wall_clock.c(26): error:  #268: declaration may not appear after executable statement in block
wall_clock.c(26): error:  #20: identifier "keyreg" is undefined
wall_clock.c(26): error:  #101: "env" has already been declared in the current scope
wall_clock.c(26): error:  #65: expected a ";"
wall_clock.c(30): error:  #268: declaration may not appear after executable statement in block
wall_clock.c(31): error:  #268: declaration may not appear after executable statement in block
wall_clock.c(32): error:  #268: declaration may not appear after executable statement in block
wall_clock.c(33): warning:  #223-D: function "request_memory_block" declared implicitly
wall_clock.c(34): error:  #20: identifier "NOTIFY_WALL_CLOCK" is undefined
wall_clock.c(35): warning:  #223-D: function "delayed_send" declared implicitly
wall_clock.c(35): error:  #20: identifier "WALL_CLOCK_PROC_ID" is undefined
wall_clock.c(38): warning:  #223-D: function "receive_message" declared implicitly
wall_clock.c(38): error:  #144: a value of type "int" cannot be used to initialize an entity of type "msgbuf *"
wall_clock.c(46): error:  #20: identifier "state" is undefined
wall_clock.c(47): warning:  #223-D: function "release_memory_block" declared implicitly
wall_clock.c(48): error:  #268: declaration may not appear after executable statement in block
wall_clock.c(51): error:  #268: declaration may not appear after executable statement in block
wall_clock.c(51): error:  #20: identifier "current_time" is undefined
Target not created
Rebuild target 'SE350'
assembling startup_LPC17xx.s...
compiling system_LPC17xx.c...
compiling uart_polling.c...
compiling HAL.c...
compiling k_rtx_init.c...
uart_def.h(36): warning:  #47-D: incompatible redefinition of macro "BIT" (declared at line 30 of "uart_polling.h")
compiling main_svc.c...
compiling printf.c...
compiling usr_proc.c...
usr_proc.c(85): warning:  #223-D: function "exit" declared implicitly
usr_proc.c(101): warning:  #177-D: variable "temp" was declared but never referenced
usr_proc.c(138): warning:  #177-D: variable "status" was declared but never referenced
usr_proc.c(155): warning:  #177-D: variable "mem_addr" was declared but never referenced
usr_proc.c(156): warning:  #177-D: variable "i" was declared but never referenced
usr_proc.c(156): warning:  #177-D: variable "ret_val" was declared but never referenced
compiling k_memory.c...
compiling k_process.c...
uart_def.h(36): warning:  #47-D: incompatible redefinition of macro "BIT" (declared at line 30 of "uart_polling.h")
compiling timer.c...
compiling uart_irq.c...
uart_polling.h(30): warning:  #47-D: incompatible redefinition of macro "BIT" (declared at line 36 of "uart_def.h")
uart_irq.c(265): warning:  #513-D: a value of type "char *" cannot be assigned to an entity of type "uint8_t *"
compiling message.c...
message.c(62): warning:  #550-D: variable "timer" was set but never used
message.c(96): warning:  #177-D: variable "timer" was declared but never referenced
compiling cmd_proc.c...
compiling string.c...
string.c(10): warning:  #1293-D: assignment in condition
compiling wall_clock.c...
timer.h(9): error:  #20: identifier "uint32_t" is undefined
timer.h(9): error:  #20: identifier "uint8_t" is undefined
Target not created
Rebuild target 'SE350'
assembling startup_LPC17xx.s...
compiling system_LPC17xx.c...
compiling uart_polling.c...
compiling HAL.c...
compiling k_rtx_init.c...
uart_def.h(36): warning:  #47-D: incompatible redefinition of macro "BIT" (declared at line 30 of "uart_polling.h")
compiling main_svc.c...
compiling printf.c...
compiling usr_proc.c...
usr_proc.c(85): warning:  #223-D: function "exit" declared implicitly
usr_proc.c(101): warning:  #177-D: variable "temp" was declared but never referenced
usr_proc.c(138): warning:  #177-D: variable "status" was declared but never referenced
usr_proc.c(155): warning:  #177-D: variable "mem_addr" was declared but never referenced
usr_proc.c(156): warning:  #177-D: variable "i" was declared but never referenced
usr_proc.c(156): warning:  #177-D: variable "ret_val" was declared but never referenced
compiling k_memory.c...
compiling k_process.c...
uart_def.h(36): warning:  #47-D: incompatible redefinition of macro "BIT" (declared at line 30 of "uart_polling.h")
compiling timer.c...
compiling uart_irq.c...
uart_polling.h(30): warning:  #47-D: incompatible redefinition of macro "BIT" (declared at line 36 of "uart_def.h")
uart_irq.c(265): warning:  #513-D: a value of type "char *" cannot be assigned to an entity of type "uint8_t *"
compiling message.c...
message.c(62): warning:  #550-D: variable "timer" was set but never used
message.c(96): warning:  #177-D: variable "timer" was declared but never referenced
compiling cmd_proc.c...
compiling string.c...
string.c(10): warning:  #1293-D: assignment in condition
compiling wall_clock.c...
linking...
Program Size: Code=6460 RO-data=236 RW-data=100 ZI-data=1180  
"se350.axf" - 0 Error(s), 13 Warning(s).
Build target 'SE350'
compiling timer.c...
linking...
Program Size: Code=6456 RO-data=236 RW-data=100 ZI-data=1180  
"se350.axf" - 0 Error(s), 0 Warning(s).
Build target 'SE350'
compiling k_process.c...
uart_def.h(36): warning:  #47-D: incompatible redefinition of macro "BIT" (declared at line 30 of "uart_polling.h")
linking...
Program Size: Code=6456 RO-data=236 RW-data=100 ZI-data=1180  
"se350.axf" - 0 Error(s), 1 Warning(s).
Build target 'SE350'
compiling k_process.c...
uart_def.h(36): warning:  #47-D: incompatible redefinition of macro "BIT" (declared at line 30 of "uart_polling.h")
linking...
Program Size: Code=6440 RO-data=236 RW-data=100 ZI-data=1180  
"se350.axf" - 0 Error(s), 1 Warning(s).
Build target 'SE350'
compiling k_process.c...
uart_def.h(36): warning:  #47-D: incompatible redefinition of macro "BIT" (declared at line 30 of "uart_polling.h")
linking...
Program Size: Code=6460 RO-data=236 RW-data=100 ZI-data=1180  
"se350.axf" - 0 Error(s), 1 Warning(s).
Build target 'SE350'
compiling k_process.c...
uart_def.h(36): warning:  #47-D: incompatible redefinition of macro "BIT" (declared at line 30 of "uart_polling.h")
linking...
Program Size: Code=6448 RO-data=236 RW-data=100 ZI-data=1180  
"se350.axf" - 0 Error(s), 1 Warning(s).
Rebuild target 'SE350'
assembling startup_LPC17xx.s...
compiling system_LPC17xx.c...
compiling uart_polling.c...
compiling HAL.c...
compiling k_rtx_init.c...
uart_def.h(36): warning:  #47-D: incompatible redefinition of macro "BIT" (declared at line 30 of "uart_polling.h")
compiling main_svc.c...
compiling printf.c...
compiling usr_proc.c...
usr_proc.c(85): warning:  #223-D: function "exit" declared implicitly
usr_proc.c(101): warning:  #177-D: variable "temp" was declared but never referenced
usr_proc.c(138): warning:  #177-D: variable "status" was declared but never referenced
usr_proc.c(155): warning:  #177-D: variable "mem_addr" was declared but never referenced
usr_proc.c(156): warning:  #177-D: variable "i" was declared but never referenced
usr_proc.c(156): warning:  #177-D: variable "ret_val" was declared but never referenced
compiling k_memory.c...
compiling k_process.c...
uart_def.h(36): warning:  #47-D: incompatible redefinition of macro "BIT" (declared at line 30 of "uart_polling.h")
compiling timer.c...
compiling uart_irq.c...
uart_polling.h(30): warning:  #47-D: incompatible redefinition of macro "BIT" (declared at line 36 of "uart_def.h")
uart_irq.c(265): warning:  #513-D: a value of type "char *" cannot be assigned to an entity of type "uint8_t *"
compiling message.c...
message.c(62): warning:  #550-D: variable "timer" was set but never used
message.c(96): warning:  #177-D: variable "timer" was declared but never referenced
compiling cmd_proc.c...
compiling string.c...
string.c(10): warning:  #1293-D: assignment in condition
compiling wall_clock.c...
linking...
Program Size: Code=6456 RO-data=236 RW-data=100 ZI-data=1180  
"se350.axf" - 0 Error(s), 13 Warning(s).
