<html>
<body>
<pre>
<h1>µVision Build Log</h1>
<h2>Project:</h2>
C:\Users\xcliu\Downloads\SE.350.W15-G013_xcliu_SE350_p2_hardfixed\SE350\se350.uvproj
Project File Date:  03/19/2015

<h2>Output:</h2>
Build target 'SE350'
compiling uart_polling.c...
compiling k_rtx_init.c...
uart_def.h(36): warning:  #47-D: incompatible redefinition of macro "BIT" (declared at line 30 of "uart_polling.h")
compiling main_svc.c...
compiling printf.c...
compiling usr_proc.c...
wall_clock.h(17): warning:  #1-D: last line of file ends without a newline
usr_proc.c(132): warning:  #177-D: variable "temp" was declared but never referenced
usr_proc.c(185): warning:  #167-D: argument of type "char *" is incompatible with parameter of type "unsigned char *"
usr_proc.c(173): warning:  #177-D: variable "i" was declared but never referenced
usr_proc.c(173): warning:  #177-D: variable "ret_val" was declared but never referenced
usr_proc.c(201): warning:  #177-D: variable "ret_val" was declared but never referenced
compiling k_memory.c...
compiling k_process.c...
uart_def.h(36): warning:  #47-D: incompatible redefinition of macro "BIT" (declared at line 30 of "uart_polling.h")
sys_procs.h(12): warning:  #1-D: last line of file ends without a newline
wall_clock.h(17): warning:  #1-D: last line of file ends without a newline
compiling timer.c...
compiling uart_irq.c...
uart_polling.h(30): warning:  #47-D: incompatible redefinition of macro "BIT" (declared at line 36 of "uart_def.h")
uart_irq.c(267): warning:  #513-D: a value of type "char *" cannot be assigned to an entity of type "uint8_t *"
compiling message.c...
message.c(64): warning:  #177-D: variable "timer" was declared but never referenced
message.c(97): warning:  #177-D: variable "timer" was declared but never referenced
compiling cmd_proc.c...
compiling string.c...
string.c(10): warning:  #1293-D: assignment in condition
compiling wall_clock.c...
wall_clock.h(17): warning:  #1-D: last line of file ends without a newline
wall_clock.c(186): warning:  #1-D: last line of file ends without a newline
wall_clock.c(15): warning:  #177-D: variable "next_second_message" was declared but never referenced
compiling sys_procs.c...
sys_procs.h(12): warning:  #1-D: last line of file ends without a newline
uart_polling.h(30): warning:  #47-D: incompatible redefinition of macro "BIT" (declared at line 36 of "uart_def.h")
linking...
Program Size: Code=8396 RO-data=316 RW-data=96 ZI-data=1216  
"se350.axf" - 0 Error(s), 20 Warning(s).
Build target 'SE350'
compiling k_process.c...
uart_def.h(36): warning:  #47-D: incompatible redefinition of macro "BIT" (declared at line 30 of "uart_polling.h")
sys_procs.h(12): warning:  #1-D: last line of file ends without a newline
wall_clock.h(17): warning:  #1-D: last line of file ends without a newline
compiling set_priority_process.c...
linking...
Program Size: Code=8396 RO-data=316 RW-data=96 ZI-data=1216  
"se350.axf" - 0 Error(s), 3 Warning(s).
Build target 'SE350'
compiling k_rtx_init.c...
uart_def.h(36): warning:  #47-D: incompatible redefinition of macro "BIT" (declared at line 30 of "uart_polling.h")
compiling k_memory.c...
compiling k_process.c...
uart_def.h(36): warning:  #47-D: incompatible redefinition of macro "BIT" (declared at line 30 of "uart_polling.h")
sys_procs.h(12): warning:  #1-D: last line of file ends without a newline
wall_clock.h(17): warning:  #1-D: last line of file ends without a newline
compiling timer.c...
compiling uart_irq.c...
uart_polling.h(30): warning:  #47-D: incompatible redefinition of macro "BIT" (declared at line 36 of "uart_def.h")
uart_irq.c(267): warning:  #513-D: a value of type "char *" cannot be assigned to an entity of type "uint8_t *"
compiling message.c...
message.c(64): warning:  #177-D: variable "timer" was declared but never referenced
message.c(97): warning:  #177-D: variable "timer" was declared but never referenced
compiling cmd_proc.c...
compiling sys_procs.c...
sys_procs.h(12): warning:  #1-D: last line of file ends without a newline
uart_polling.h(30): warning:  #47-D: incompatible redefinition of macro "BIT" (declared at line 36 of "uart_def.h")
compiling set_priority_process.c...
linking...
Program Size: Code=8836 RO-data=316 RW-data=96 ZI-data=1240  
"se350.axf" - 0 Error(s), 10 Warning(s).
Build target 'SE350'
linking...
Program Size: Code=8836 RO-data=316 RW-data=96 ZI-data=1240  
"se350.axf" - 0 Error(s), 0 Warning(s).
Load "C:\\Users\\xcliu\\Downloads\\SE.350.W15-G013_xcliu_SE350_p2_hardfixed\\SE350\\se350.AXF" 
Erase Done.
Programming Done.
Verify OK.
Build target 'SE350'
compiling k_process.c...
uart_def.h(36): warning:  #47-D: incompatible redefinition of macro "BIT" (declared at line 30 of "uart_polling.h")
sys_procs.h(12): warning:  #1-D: last line of file ends without a newline
wall_clock.h(17): warning:  #1-D: last line of file ends without a newline
linking...
Program Size: Code=8844 RO-data=316 RW-data=96 ZI-data=1240  
"se350.axf" - 0 Error(s), 3 Warning(s).
Load "C:\\Users\\xcliu\\Downloads\\SE.350.W15-G013_xcliu_SE350_p2_hardfixed\\SE350\\se350.AXF" 
Erase Done.
Programming Done.
Verify OK.
Build target 'SE350'
compiling set_priority_process.c...
linking...
Program Size: Code=8856 RO-data=316 RW-data=96 ZI-data=1240  
"se350.axf" - 0 Error(s), 0 Warning(s).
Load "C:\\Users\\xcliu\\Downloads\\SE.350.W15-G013_xcliu_SE350_p2_hardfixed\\SE350\\se350.AXF" 
Erase Done.
Programming Done.
Verify OK.
Build target 'SE350'
compiling set_priority_process.c...
linking...
Program Size: Code=8856 RO-data=316 RW-data=96 ZI-data=1240  
"se350.axf" - 0 Error(s), 0 Warning(s).
Load "C:\\Users\\xcliu\\Downloads\\SE.350.W15-G013_xcliu_SE350_p2_hardfixed\\SE350\\se350.AXF" 
Erase Done.
Programming Done.
Verify OK.
Build target 'SE350'
compiling set_priority_process.c...
linking...
Program Size: Code=8852 RO-data=316 RW-data=96 ZI-data=1240  
"se350.axf" - 0 Error(s), 0 Warning(s).
Build target 'SE350'
compiling set_priority_process.c...
linking...
Program Size: Code=8844 RO-data=316 RW-data=96 ZI-data=1240  
"se350.axf" - 0 Error(s), 0 Warning(s).
Load "C:\\Users\\xcliu\\Downloads\\SE.350.W15-G013_xcliu_SE350_p2_hardfixed\\SE350\\se350.AXF" 
Erase Failed!
Load "C:\\Users\\xcliu\\Downloads\\SE.350.W15-G013_xcliu_SE350_p2_hardfixed\\SE350\\se350.AXF" 
Erase Done.
Programming Done.
Verify OK.
Build target 'SE350'
compiling cmd_proc.c...
linking...
Program Size: Code=8892 RO-data=316 RW-data=96 ZI-data=1240  
"se350.axf" - 0 Error(s), 0 Warning(s).
Load "C:\\Users\\xcliu\\Downloads\\SE.350.W15-G013_xcliu_SE350_p2_hardfixed\\SE350\\se350.AXF" 
Erase Done.
Programming Done.
Verify OK.
